Archive member included to satisfy reference by file (symbol)

/opt/devkitpro/libnx/lib/libnx.a(applet.o)
                              main.o (appletMainLoop)
/opt/devkitpro/libnx/lib/libnx.a(hid.o)
                              main.o (hidInitializeTouchScreen)
/opt/devkitpro/libnx/lib/libnx.a(sm.o)
                              /opt/devkitpro/libnx/lib/libnx.a(applet.o) (smGetServiceWrapper)
/opt/devkitpro/libnx/lib/libnx.a(alloc.o)
                              /opt/devkitpro/libnx/lib/libnx.a(hid.o) (__libnx_aligned_alloc)
/opt/devkitpro/libnx/lib/libnx.a(diag.o)
                              /opt/devkitpro/libnx/lib/libnx.a(applet.o) (diagAbortWithResult)
/opt/devkitpro/libnx/lib/libnx.a(env.o)
                              /opt/devkitpro/libnx/lib/libnx.a(applet.o) (envIsNso)
/opt/devkitpro/libnx/lib/libnx.a(hosversion.o)
                              /opt/devkitpro/libnx/lib/libnx.a(applet.o) (hosversionGet)
/opt/devkitpro/libnx/lib/libnx.a(pad.o)
                              main.o (padConfigureInput)
/opt/devkitpro/libnx/lib/libnx.a(console.o)
                              main.o (consoleInit)
/opt/devkitpro/libnx/lib/libnx.a(console_sw.o)
                              /opt/devkitpro/libnx/lib/libnx.a(console.o) (getDefaultConsoleRenderer)
/opt/devkitpro/libnx/lib/libnx.a(socket.o)
                              main.o (socketGetDefaultInitConfig)
/opt/devkitpro/libnx/lib/libnx.a(inet_addr.o)
                              main.o (inet_aton)
/opt/devkitpro/libnx/lib/libnx.a(svc.o)
                              /opt/devkitpro/libnx/lib/libnx.a(applet.o) (svcExitProcess)
/opt/devkitpro/libnx/lib/libnx.a(readtp.o)
                              /opt/devkitpro/libnx/lib/libnx.a(socket.o) (__aarch64_read_tp)
/opt/devkitpro/libnx/lib/libnx.a(switch_crt0.o)
                              (_start)
/opt/devkitpro/libnx/lib/libnx.a(default_font.bin.o)
                              /opt/devkitpro/libnx/lib/libnx.a(console.o) (default_font_bin)
/opt/devkitpro/libnx/lib/libnx.a(event.o)
                              /opt/devkitpro/libnx/lib/libnx.a(applet.o) (eventLoadRemote)
/opt/devkitpro/libnx/lib/libnx.a(mutex.o)
                              /opt/devkitpro/libnx/lib/libnx.a(applet.o) (mutexLock)
/opt/devkitpro/libnx/lib/libnx.a(shmem.o)
                              /opt/devkitpro/libnx/lib/libnx.a(hid.o) (shmemLoadRemote)
/opt/devkitpro/libnx/lib/libnx.a(tmem.o)
                              /opt/devkitpro/libnx/lib/libnx.a(applet.o) (tmemCreate)
/opt/devkitpro/libnx/lib/libnx.a(virtmem.o)
                              /opt/devkitpro/libnx/lib/libnx.a(shmem.o) (virtmemLock)
/opt/devkitpro/libnx/lib/libnx.a(wait.o)
                              /opt/devkitpro/libnx/lib/libnx.a(applet.o) (waitObjects)
/opt/devkitpro/libnx/lib/libnx.a(apm.o)
                              /opt/devkitpro/libnx/lib/libnx.a(applet.o) (apmInitialize)
/opt/devkitpro/libnx/lib/libnx.a(bsd.o)
                              /opt/devkitpro/libnx/lib/libnx.a(socket.o) (g_bsdResult)
/opt/devkitpro/libnx/lib/libnx.a(nifm.o)
                              /opt/devkitpro/libnx/lib/libnx.a(socket.o) (nifmRequestRegisterSocketDescriptor)
/opt/devkitpro/libnx/lib/libnx.a(ssl.o)
                              /opt/devkitpro/libnx/lib/libnx.a(socket.o) (sslConnectionSetSocketDescriptor)
/opt/devkitpro/libnx/lib/libnx.a(default_window.o)
                              /opt/devkitpro/libnx/lib/libnx.a(console_sw.o) (nwindowGetDefault)
/opt/devkitpro/libnx/lib/libnx.a(framebuffer.o)
                              /opt/devkitpro/libnx/lib/libnx.a(console_sw.o) (framebufferMakeLinear)
/opt/devkitpro/libnx/lib/libnx.a(native_window.o)
                              /opt/devkitpro/libnx/lib/libnx.a(framebuffer.o) (nwindowIsValid)
/opt/devkitpro/libnx/lib/libnx.a(argv.o)
                              /opt/devkitpro/libnx/lib/libnx.a(switch_crt0.o) (__system_argc)
/opt/devkitpro/libnx/lib/libnx.a(dynamic.o)
                              /opt/devkitpro/libnx/lib/libnx.a(switch_crt0.o) (__nx_dynamic)
/opt/devkitpro/libnx/lib/libnx.a(init.o)
                              /opt/devkitpro/libnx/lib/libnx.a(switch_crt0.o) (__libnx_init)
/opt/devkitpro/libnx/lib/libnx.a(newlib.o)
                              /opt/devkitpro/libnx/lib/libnx.a(init.o) (__libnx_init_time)
/opt/devkitpro/libnx/lib/libnx.a(nxlink.o)
                              /opt/devkitpro/libnx/lib/libnx.a(argv.o) (nxlinkSetup)
/opt/devkitpro/libnx/lib/libnx.a(convert_errno.o)
                              /opt/devkitpro/libnx/lib/libnx.a(socket.o) (_convert_errno)
/opt/devkitpro/libnx/lib/libnx.a(fs_dev.o)
                              /opt/devkitpro/libnx/lib/libnx.a(init.o) (fsdevMountSdmc)
/opt/devkitpro/libnx/lib/libnx.a(path_buf.o)
                              /opt/devkitpro/libnx/lib/libnx.a(fs_dev.o) (__nx_dev_path_buf)
/opt/devkitpro/libnx/lib/libnx.a(decode_utf8.o)
                              /opt/devkitpro/libnx/lib/libnx.a(fs_dev.o) (decode_utf8)
[...]
Memory Configuration

Name             Origin             Length             Attributes
*default*        0x0000000000000000 0xffffffffffffffff

Linker script and memory map

                0x0000000000000000                PROVIDE (__start__ = 0x0)
                0x0000000000000000                . = __start__
                [!provide]                        PROVIDE (__code_start = .)

.text           0x0000000000000000    0x27608
 *(.crt0)
 .crt0          0x0000000000000000      0x130 /opt/devkitpro/libnx/lib/libnx.a(switch_crt0.o)
                0x0000000000000000                _start
                0x00000000000000e0                __nx_exit
                0x00000000000000f0                __nx_mod0
 *(.text.unlikely .text.*_unlikely .text.unlikely.*)
 *(.text.exit .text.exit.*)
 *fill*         0x0000000000000130       0x10 
 .text.exit     0x0000000000000140       0x34 /opt/devkitpro/devkitA64/lib/gcc/aarch64-none-elf/15.2.0/../../../../aarch64-none-elf/lib/pic/libg.a(libc_a-exit.o)
                0x0000000000000140                exit
 *(.text.startup .text.startup.*)
 *fill*         0x0000000000000174        0xc 
 .text.startup.main
                0x0000000000000180      0x514 main.o
                0x0000000000000180                main
 *(.text.hot .text.hot.*)
 *(.text .stub .text.* .gnu.linkonce.t.*)
 *fill*         0x0000000000000694        0xc 
 .text.__do_global_dtors_aux
                0x00000000000006a0       0x50 /opt/devkitpro/devkitA64/lib/gcc/aarch64-none-elf/15.2.0/pic/crtbegin.o
 *fill*         0x00000000000006f0       0x10 
 .text.frame_dummy
                0x0000000000000700       0x24 /opt/devkitpro/devkitA64/lib/gcc/aarch64-none-elf/15.2.0/pic/crtbegin.o
 *fill*         0x0000000000000724        0xc 
 .text._appletInfiniteSleepLoop
                0x0000000000000730       0x18 /opt/devkitpro/libnx/lib/libnx.a(applet.o)
 *fill*         0x0000000000000748        0x8 
 .text._appletCmdGetSession
                0x0000000000000750      0x108 /opt/devkitpro/libnx/lib/libnx.a(applet.o)
 *fill*         0x0000000000000858        0x8 
 .text._appletCmdInU8NoOut
                0x0000000000000860       0xcc /opt/devkitpro/libnx/lib/libnx.a(applet.o)
 *fill*         0x000000000000092c        0x4 
 .text._appletCmdInU32NoOut
                0x0000000000000930       0xcc /opt/devkitpro/libnx/lib/libnx.a(applet.o)
 *fill*         0x00000000000009fc        0x4 
 .text._appletGetSessionProxy.constprop.0
                0x0000000000000a00      0x12c /opt/devkitpro/libnx/lib/libnx.a(applet.o)
 *fill*         0x0000000000000b2c        0x4 
 .text._appletOpenLibraryAppletProxy.constprop.0
                0x0000000000000b30      0x148 /opt/devkitpro/libnx/lib/libnx.a(applet.o)
 *fill*         0x0000000000000c78        0x8 
 .text._appletCmdGetEvent
                0x0000000000000c80       0xf8 /opt/devkitpro/libnx/lib/libnx.a(applet.o)
 *fill*         0x0000000000000d78        0x8 
 .text._appletCmdNoInOutU8.isra.0
                0x0000000000000d80       0xd4 /opt/devkitpro/libnx/lib/libnx.a(applet.o)
 *fill*         0x0000000000000e54        0xc 
 .text._appletCmdNoInOutU32.isra.0
                0x0000000000000e60       0xd4 /opt/devkitpro/libnx/lib/libnx.a(applet.o)
 *fill*         0x0000000000000f34        0xc 
 .text._appletCmdNoInOutU64.isra.0
                0x0000000000000f40       0xd4 /opt/devkitpro/libnx/lib/libnx.a(applet.o)
 *fill*         0x0000000000001014        0xc 
 .text._appletCmdNoIO.isra.0
                0x0000000000001020       0xc0 /opt/devkitpro/libnx/lib/libnx.a(applet.o)
 .text.appletGetAppletType
                0x00000000000010e0       0x10 /opt/devkitpro/libnx/lib/libnx.a(applet.o)
                0x00000000000010e0                appletGetAppletType
 .text.appletSetFocusHandlingMode
                0x00000000000010f0      0x1b8 /opt/devkitpro/libnx/lib/libnx.a(applet.o)
                0x00000000000010f0                appletSetFocusHandlingMode
 *fill*         0x00000000000012a8        0x8 
 .text.appletSetCpuBoostMode
                0x00000000000012b0       0x5c /opt/devkitpro/libnx/lib/libnx.a(applet.o)
                0x00000000000012b0                appletSetCpuBoostMode
 *fill*         0x000000000000130c        0x4 
 .text.appletCreateManagedDisplayLayer
                0x0000000000001310       0x2c /opt/devkitpro/libnx/lib/libnx.a(applet.o)
                0x0000000000001310                appletCreateManagedDisplayLayer
 *fill*         0x000000000000133c        0x4 
 .text.appletGetAppletResourceUserId
                0x0000000000001340        0xc /opt/devkitpro/libnx/lib/libnx.a(applet.o)
                0x0000000000001340                appletGetAppletResourceUserId
 *fill*         0x000000000000134c        0x4 
 .text._appletHolderCreateState
                0x0000000000001350      0x138 /opt/devkitpro/libnx/lib/libnx.a(applet.o)
 *fill*         0x0000000000001488        0x8 
 .text.appletHolderClose
                0x0000000000001490       0xb0 /opt/devkitpro/libnx/lib/libnx.a(applet.o)
                0x0000000000001490                appletHolderClose
 .text.appletHolderGetLibraryAppletInfo
                0x0000000000001540       0x24 /opt/devkitpro/libnx/lib/libnx.a(applet.o)
                0x0000000000001540                appletHolderGetLibraryAppletInfo
 *fill*         0x0000000000001564        0xc 
 .text.appletNotifyRunning
                0x0000000000001570       0x90 /opt/devkitpro/libnx/lib/libnx.a(applet.o)
                0x0000000000001570                appletNotifyRunning
 .text.appletSetGamePlayRecordingState
                0x0000000000001600       0x78 /opt/devkitpro/libnx/lib/libnx.a(applet.o)
                0x0000000000001600                appletSetGamePlayRecordingState
 *fill*         0x0000000000001678        0x8 
 .text._appletCleanup
                0x0000000000001680      0xad4 /opt/devkitpro/libnx/lib/libnx.a(applet.o)
 *fill*         0x0000000000002154        0xc 
 .text.appletExit
                0x0000000000002160       0x48 /opt/devkitpro/libnx/lib/libnx.a(applet.o)
                0x0000000000002160                appletExit
 *fill*         0x00000000000021a8        0x8 
 .text.appletGetLibraryAppletInfo
                0x00000000000021b0       0x40 /opt/devkitpro/libnx/lib/libnx.a(applet.o)
                0x00000000000021b0                appletGetLibraryAppletInfo
 .text.appletInitialize
                0x00000000000021f0      0xc14 /opt/devkitpro/libnx/lib/libnx.a(applet.o)
                0x00000000000021f0                appletInitialize
 *fill*         0x0000000000002e04        0xc 
 .text._appletExitProcess
                0x0000000000002e10       0x24 /opt/devkitpro/libnx/lib/libnx.a(applet.o)
 *fill*         0x0000000000002e34        0xc 
 .text.appletGetMessage
                0x0000000000002e40       0x74 /opt/devkitpro/libnx/lib/libnx.a(applet.o)
                0x0000000000002e40                appletGetMessage
 *fill*         0x0000000000002eb4        0xc 
 .text.appletProcessMessage
                0x0000000000002ec0      0x264 /opt/devkitpro/libnx/lib/libnx.a(applet.o)
                0x0000000000002ec0                appletProcessMessage
 *fill*         0x0000000000003124        0xc 
 .text.appletMainLoop
                0x0000000000003130       0x34 /opt/devkitpro/libnx/lib/libnx.a(applet.o)
                0x0000000000003130                appletMainLoop
 *fill*         0x0000000000003164        0xc 
 .text._hidCleanup
                0x0000000000003170      0x12c /opt/devkitpro/libnx/lib/libnx.a(hid.o)
 *fill*         0x000000000000329c        0x4 
 .text._hidCmdInAruidNoOut
                0x00000000000032a0       0xd4 /opt/devkitpro/libnx/lib/libnx.a(hid.o)
 *fill*         0x0000000000003374        0xc 
 .text._hidCmdInU32AruidNoOut
                0x0000000000003380       0xe0 /opt/devkitpro/libnx/lib/libnx.a(hid.o)
 .text._hidGetStates
                0x0000000000003460      0x194 /opt/devkitpro/libnx/lib/libnx.a(hid.o)
 *fill*         0x00000000000035f4        0xc 
 .text.hidInitialize
                0x0000000000003600      0x26c /opt/devkitpro/libnx/lib/libnx.a(hid.o)
                0x0000000000003600                hidInitialize
 *fill*         0x000000000000386c        0x4 
 .text.hidExit  0x0000000000003870       0x48 /opt/devkitpro/libnx/lib/libnx.a(hid.o)
                0x0000000000003870                hidExit
 *fill*         0x00000000000038b8        0x8 
 .text.hidGetSharedmemAddr
                0x00000000000038c0        0xc /opt/devkitpro/libnx/lib/libnx.a(hid.o)
                0x00000000000038c0                hidGetSharedmemAddr
 *fill*         0x00000000000038cc        0x4 
 .text.hidGetNpadStyleSet
                0x00000000000038d0       0x90 /opt/devkitpro/libnx/lib/libnx.a(hid.o)
                0x00000000000038d0                hidGetNpadStyleSet
 .text.hidInitializeTouchScreen
                0x0000000000003960       0x20 /opt/devkitpro/libnx/lib/libnx.a(hid.o)
                0x0000000000003960                hidInitializeTouchScreen
 .text.hidGetTouchScreenStates
                0x0000000000003980       0x88 /opt/devkitpro/libnx/lib/libnx.a(hid.o)
                0x0000000000003980                hidGetTouchScreenStates
 *fill*         0x0000000000003a08        0x8 
 .text.hidInitializeNpad
                0x0000000000003a10       0x84 /opt/devkitpro/libnx/lib/libnx.a(hid.o)
                0x0000000000003a10                hidInitializeNpad
 *fill*         0x0000000000003a94        0xc 
 .text.hidGetNpadStatesFullKey
                0x0000000000003aa0       0xa4 /opt/devkitpro/libnx/lib/libnx.a(hid.o)
                0x0000000000003aa0                hidGetNpadStatesFullKey
 *fill*         0x0000000000003b44        0xc 
 .text.hidGetNpadStatesHandheld
                0x0000000000003b50       0xa4 /opt/devkitpro/libnx/lib/libnx.a(hid.o)
                0x0000000000003b50                hidGetNpadStatesHandheld
 *fill*         0x0000000000003bf4        0xc 
 .text.hidGetNpadStatesJoyDual
                0x0000000000003c00       0xa4 /opt/devkitpro/libnx/lib/libnx.a(hid.o)
                0x0000000000003c00                hidGetNpadStatesJoyDual
 *fill*         0x0000000000003ca4        0xc 
 .text.hidGetNpadStatesJoyLeft
                0x0000000000003cb0       0xa4 /opt/devkitpro/libnx/lib/libnx.a(hid.o)
                0x0000000000003cb0                hidGetNpadStatesJoyLeft
 *fill*         0x0000000000003d54        0xc 
 .text.hidGetNpadStatesJoyRight
                0x0000000000003d60       0xa4 /opt/devkitpro/libnx/lib/libnx.a(hid.o)
                0x0000000000003d60                hidGetNpadStatesJoyRight
 *fill*         0x0000000000003e04        0xc 
 .text.hidGetNpadStatesGc
                0x0000000000003e10      0x144 /opt/devkitpro/libnx/lib/libnx.a(hid.o)
                0x0000000000003e10                hidGetNpadStatesGc
 *fill*         0x0000000000003f54        0xc 
 .text.hidGetNpadStatesSystemExt
                0x0000000000003f60       0xa8 /opt/devkitpro/libnx/lib/libnx.a(hid.o)
                0x0000000000003f60                hidGetNpadStatesSystemExt
 *fill*         0x0000000000004008        0x8 
 .text.hidSetSupportedNpadStyleSet
                0x0000000000004010        0x8 /opt/devkitpro/libnx/lib/libnx.a(hid.o)
                0x0000000000004010                hidSetSupportedNpadStyleSet
 *fill*         0x0000000000004018        0x8 
 .text.hidSetSupportedNpadIdType
                0x0000000000004020      0x100 /opt/devkitpro/libnx/lib/libnx.a(hid.o)
                0x0000000000004020                hidSetSupportedNpadIdType
 .text._smCmifCmdInPid
                0x0000000000004120       0xcc /opt/devkitpro/libnx/lib/libnx.a(sm.o)
 *fill*         0x00000000000041ec        0x4 
 .text._smCleanup
                0x00000000000041f0       0x78 /opt/devkitpro/libnx/lib/libnx.a(sm.o)
 *fill*         0x0000000000004268        0x8 
 .text.smAddOverrideHandle
                0x0000000000004270       0x48 /opt/devkitpro/libnx/lib/libnx.a(sm.o)
                0x0000000000004270                smAddOverrideHandle
 *fill*         0x00000000000042b8        0x8 
 .text.smGetServiceOverride
                0x00000000000042c0       0x54 /opt/devkitpro/libnx/lib/libnx.a(sm.o)
                0x00000000000042c0                smGetServiceOverride
 *fill*         0x0000000000004314        0xc 
 .text.smInitialize
                0x0000000000004320      0x1ac /opt/devkitpro/libnx/lib/libnx.a(sm.o)
                0x0000000000004320                smInitialize
 *fill*         0x00000000000044cc        0x4 
 .text.smExit   0x00000000000044d0       0x48 /opt/devkitpro/libnx/lib/libnx.a(sm.o)
                0x00000000000044d0                smExit
 *fill*         0x0000000000004518        0x8 
 .text.smGetServiceOriginal
                0x0000000000004520       0xd0 /opt/devkitpro/libnx/lib/libnx.a(sm.o)
                0x0000000000004520                smGetServiceOriginal
 .text.smGetServiceWrapper
                0x00000000000045f0      0x120 /opt/devkitpro/libnx/lib/libnx.a(sm.o)
                0x00000000000045f0                smGetServiceWrapper
 .text.__libnx_alloc
                0x0000000000004710        0x4 /opt/devkitpro/libnx/lib/libnx.a(alloc.o)
                0x0000000000004710                __libnx_alloc
 *fill*         0x0000000000004714        0xc 
 .text.__libnx_aligned_alloc
                0x0000000000004720       0x14 /opt/devkitpro/libnx/lib/libnx.a(alloc.o)
                0x0000000000004720                __libnx_aligned_alloc
 *fill*         0x0000000000004734        0xc 
 .text.__libnx_free
                0x0000000000004740        0x4 /opt/devkitpro/libnx/lib/libnx.a(alloc.o)
                0x0000000000004740                __libnx_free
 *fill*         0x0000000000004744        0xc 
 .text.diagAbortWithResult
                0x0000000000004750       0x1c /opt/devkitpro/libnx/lib/libnx.a(diag.o)
                0x0000000000004750                diagAbortWithResult
 *fill*         0x000000000000476c        0x4 
 .text.envSetup
                0x0000000000004770      0x208 /opt/devkitpro/libnx/lib/libnx.a(env.o)
                0x0000000000004770                envSetup
 *fill*         0x0000000000004978        0x8 
 .text.envGetMainThreadHandle
                0x0000000000004980       0x20 /opt/devkitpro/libnx/lib/libnx.a(env.o)
                0x0000000000004980                envGetMainThreadHandle
 .text.envIsNso
                0x00000000000049a0        0xc /opt/devkitpro/libnx/lib/libnx.a(env.o)
                0x00000000000049a0                envIsNso
 *fill*         0x00000000000049ac        0x4 
 .text.envHasHeapOverride
                0x00000000000049b0       0x14 /opt/devkitpro/libnx/lib/libnx.a(env.o)
                0x00000000000049b0                envHasHeapOverride
 *fill*         0x00000000000049c4        0xc 
 .text.envGetHeapOverrideAddr
                0x00000000000049d0        0xc /opt/devkitpro/libnx/lib/libnx.a(env.o)
                0x00000000000049d0                envGetHeapOverrideAddr
 *fill*         0x00000000000049dc        0x4 
 .text.envGetHeapOverrideSize
                0x00000000000049e0        0xc /opt/devkitpro/libnx/lib/libnx.a(env.o)
                0x00000000000049e0                envGetHeapOverrideSize
 *fill*         0x00000000000049ec        0x4 
 .text.envHasArgv
                0x00000000000049f0       0x14 /opt/devkitpro/libnx/lib/libnx.a(env.o)
                0x00000000000049f0                envHasArgv
 *fill*         0x0000000000004a04        0xc 
 .text.envGetArgv
                0x0000000000004a10        0xc /opt/devkitpro/libnx/lib/libnx.a(env.o)
                0x0000000000004a10                envGetArgv
 *fill*         0x0000000000004a1c        0x4 
 .text.envGetExitFuncPtr
                0x0000000000004a20        0xc /opt/devkitpro/libnx/lib/libnx.a(env.o)
                0x0000000000004a20                envGetExitFuncPtr
 *fill*         0x0000000000004a2c        0x4 
 .text.envSetExitFuncPtr
                0x0000000000004a30        0xc /opt/devkitpro/libnx/lib/libnx.a(env.o)
                0x0000000000004a30                envSetExitFuncPtr
 *fill*         0x0000000000004a3c        0x4 
 .text.envHasRandomSeed
                0x0000000000004a40        0xc /opt/devkitpro/libnx/lib/libnx.a(env.o)
                0x0000000000004a40                envHasRandomSeed
 *fill*         0x0000000000004a4c        0x4 
 .text.envGetRandomSeed
                0x0000000000004a50       0x10 /opt/devkitpro/libnx/lib/libnx.a(env.o)
                0x0000000000004a50                envGetRandomSeed
 .text.hosversionGet
                0x0000000000004a60       0x14 /opt/devkitpro/libnx/lib/libnx.a(hosversion.o)
                0x0000000000004a60                hosversionGet
 *fill*         0x0000000000004a74        0xc 
 .text.hosversionSet
                0x0000000000004a80       0x10 /opt/devkitpro/libnx/lib/libnx.a(hosversion.o)
                0x0000000000004a80                hosversionSet
 .text.padConfigureInput
                0x0000000000004a90       0x9c /opt/devkitpro/libnx/lib/libnx.a(pad.o)
                0x0000000000004a90                padConfigureInput
 *fill*         0x0000000000004b2c        0x4 
 .text.padInitializeWithMask
                0x0000000000004b30       0x24 /opt/devkitpro/libnx/lib/libnx.a(pad.o)
                0x0000000000004b30                padInitializeWithMask
 *fill*         0x0000000000004b54        0xc 
 .text.padUpdate
                0x0000000000004b60      0x29c /opt/devkitpro/libnx/lib/libnx.a(pad.o)
                0x0000000000004b60                padUpdate
 *fill*         0x0000000000004dfc        0x4 
 .text.consoleDrawChar
                0x0000000000004e00       0x50 /opt/devkitpro/libnx/lib/libnx.a(console.o)
 .text.consoleNewRow
                0x0000000000004e50       0xb8 /opt/devkitpro/libnx/lib/libnx.a(console.o)
 *fill*         0x0000000000004f08        0x8 
 .text.consolePrintChar.part.0
                0x0000000000004f10      0x194 /opt/devkitpro/libnx/lib/libnx.a(console.o)
 *fill*         0x00000000000050a4        0xc 
 .text.con_write
                0x00000000000050b0      0xdf8 /opt/devkitpro/libnx/lib/libnx.a(console.o)
 *fill*         0x0000000000005ea8        0x8 
 .text.consoleInit
                0x0000000000005eb0      0x160 /opt/devkitpro/libnx/lib/libnx.a(console.o)
                0x0000000000005eb0                consoleInit
 .text.consoleExit
                0x0000000000006010       0x44 /opt/devkitpro/libnx/lib/libnx.a(console.o)
                0x0000000000006010                consoleExit
 *fill*         0x0000000000006054        0xc 
 .text.consoleUpdate
                0x0000000000006060       0x2c /opt/devkitpro/libnx/lib/libnx.a(console.o)
                0x0000000000006060                consoleUpdate
 *fill*         0x000000000000608c        0x4 
 .text.consoleClear
                0x0000000000006090       0x98 /opt/devkitpro/libnx/lib/libnx.a(console.o)
                0x0000000000006090                consoleClear
 *fill*         0x0000000000006128        0x8 
 .text.ConsoleSwRenderer_drawChar
                0x0000000000006130      0x1bc /opt/devkitpro/libnx/lib/libnx.a(console_sw.o)
 *fill*         0x00000000000062ec        0x4 
 .text.ConsoleSwRenderer_init
                0x00000000000062f0       0xe8 /opt/devkitpro/libnx/lib/libnx.a(console_sw.o)
 *fill*         0x00000000000063d8        0x8 
 .text.ConsoleSwRenderer_flushAndSwap
                0x00000000000063e0       0x78 /opt/devkitpro/libnx/lib/libnx.a(console_sw.o)
 *fill*         0x0000000000006458        0x8 
 .text.ConsoleSwRenderer_scrollWindow
                0x0000000000006460       0xdc /opt/devkitpro/libnx/lib/libnx.a(console_sw.o)
 *fill*         0x000000000000653c        0x4 
 .text.ConsoleSwRenderer_deinit
                0x0000000000006540       0x50 /opt/devkitpro/libnx/lib/libnx.a(console_sw.o)
 .text.getDefaultConsoleRenderer
                0x0000000000006590        0xc /opt/devkitpro/libnx/lib/libnx.a(console_sw.o)
                0x0000000000006590                getDefaultConsoleRenderer
 *fill*         0x000000000000659c        0x4 
 .text._socketGetFd
                0x00000000000065a0       0x7c /opt/devkitpro/libnx/lib/libnx.a(socket.o)
 *fill*         0x000000000000661c        0x4 
 .text._socketParseBsdResult.part.0
                0x0000000000006620       0xa4 /opt/devkitpro/libnx/lib/libnx.a(socket.o)
 *fill*         0x00000000000066c4        0xc 
 .text._socketRead
                0x00000000000066d0       0x50 /opt/devkitpro/libnx/lib/libnx.a(socket.o)
 .text._socketWrite
                0x0000000000006720       0x50 /opt/devkitpro/libnx/lib/libnx.a(socket.o)
 .text._socketClose
                0x0000000000006770       0x44 /opt/devkitpro/libnx/lib/libnx.a(socket.o)
 *fill*         0x00000000000067b4        0xc 
 .text._socketOpen
                0x00000000000067c0       0x8c /opt/devkitpro/libnx/lib/libnx.a(socket.o)
 *fill*         0x000000000000684c        0x4 
 .text.socketGetDefaultInitConfig
                0x0000000000006850        0xc /opt/devkitpro/libnx/lib/libnx.a(socket.o)
                0x0000000000006850                socketGetDefaultInitConfig
 *fill*         0x000000000000685c        0x4 
 .text.socketExit
                0x0000000000006860       0x1c /opt/devkitpro/libnx/lib/libnx.a(socket.o)
                0x0000000000006860                socketExit
 *fill*         0x000000000000687c        0x4 
 .text.socketInitialize
                0x0000000000006880      0x1b4 /opt/devkitpro/libnx/lib/libnx.a(socket.o)
                0x0000000000006880                socketInitialize
 *fill*         0x0000000000006a34        0xc 
 .text.socket   0x0000000000006a40       0x98 /opt/devkitpro/libnx/lib/libnx.a(socket.o)
                0x0000000000006a40                socket
 *fill*         0x0000000000006ad8        0x8 
 .text.sendto   0x0000000000006ae0       0x6c /opt/devkitpro/libnx/lib/libnx.a(socket.o)
                0x0000000000006ae0                sendto
 *fill*         0x0000000000006b4c        0x4 
 .text._inetAtonDetail
                0x0000000000006b50      0x1b4 /opt/devkitpro/libnx/lib/libnx.a(inet_addr.o)
 *fill*         0x0000000000006d04        0xc 
 .text.inet_aton
                0x0000000000006d10       0x24 /opt/devkitpro/libnx/lib/libnx.a(inet_addr.o)
                0x0000000000006d10                inet_aton
 .text.svcSetHeapSize
                0x0000000000006d34       0x14 /opt/devkitpro/libnx/lib/libnx.a(svc.o)
                0x0000000000006d34                svcSetHeapSize
 .text.svcSetMemoryPermission
                0x0000000000006d48        0x8 /opt/devkitpro/libnx/lib/libnx.a(svc.o)
                0x0000000000006d48                svcSetMemoryPermission
 .text.svcSetMemoryAttribute
                0x0000000000006d50        0x8 /opt/devkitpro/libnx/lib/libnx.a(svc.o)
                0x0000000000006d50                svcSetMemoryAttribute
 .text.svcUnmapMemory
                0x0000000000006d58        0x8 /opt/devkitpro/libnx/lib/libnx.a(svc.o)
                0x0000000000006d58                svcUnmapMemory
 .text.svcQueryMemory
                0x0000000000006d60       0x14 /opt/devkitpro/libnx/lib/libnx.a(svc.o)
                0x0000000000006d60                svcQueryMemory
 .text.svcExitProcess
                0x0000000000006d74        0x8 /opt/devkitpro/libnx/lib/libnx.a(svc.o)
                0x0000000000006d74                svcExitProcess
 .text.svcSleepThread
                0x0000000000006d7c        0x8 /opt/devkitpro/libnx/lib/libnx.a(svc.o)
                0x0000000000006d7c                svcSleepThread
 .text.svcMapSharedMemory
                0x0000000000006d84        0x8 /opt/devkitpro/libnx/lib/libnx.a(svc.o)
                0x0000000000006d84                svcMapSharedMemory
 .text.svcUnmapSharedMemory
                0x0000000000006d8c        0x8 /opt/devkitpro/libnx/lib/libnx.a(svc.o)
                0x0000000000006d8c                svcUnmapSharedMemory
 .text.svcCreateTransferMemory
                0x0000000000006d94       0x14 /opt/devkitpro/libnx/lib/libnx.a(svc.o)
                0x0000000000006d94                svcCreateTransferMemory
 .text.svcCloseHandle
                0x0000000000006da8        0x8 /opt/devkitpro/libnx/lib/libnx.a(svc.o)
                0x0000000000006da8                svcCloseHandle
 .text.svcResetSignal
                0x0000000000006db0        0x8 /opt/devkitpro/libnx/lib/libnx.a(svc.o)
                0x0000000000006db0                svcResetSignal
 .text.svcWaitSynchronization
                0x0000000000006db8       0x14 /opt/devkitpro/libnx/lib/libnx.a(svc.o)
                0x0000000000006db8                svcWaitSynchronization
 .text.svcArbitrateLock
                0x0000000000006dcc        0x8 /opt/devkitpro/libnx/lib/libnx.a(svc.o)
                0x0000000000006dcc                svcArbitrateLock
 .text.svcArbitrateUnlock
                0x0000000000006dd4        0x8 /opt/devkitpro/libnx/lib/libnx.a(svc.o)
                0x0000000000006dd4                svcArbitrateUnlock
 .text.svcWaitProcessWideKeyAtomic
                0x0000000000006ddc        0x8 /opt/devkitpro/libnx/lib/libnx.a(svc.o)
                0x0000000000006ddc                svcWaitProcessWideKeyAtomic
 .text.svcSignalProcessWideKey
                0x0000000000006de4        0x8 /opt/devkitpro/libnx/lib/libnx.a(svc.o)
                0x0000000000006de4                svcSignalProcessWideKey
 .text.svcConnectToNamedPort
                0x0000000000006dec       0x14 /opt/devkitpro/libnx/lib/libnx.a(svc.o)
                0x0000000000006dec                svcConnectToNamedPort
 .text.svcSendSyncRequest
                0x0000000000006e00        0x8 /opt/devkitpro/libnx/lib/libnx.a(svc.o)
                0x0000000000006e00                svcSendSyncRequest
 .text.svcBreak
                0x0000000000006e08        0x8 /opt/devkitpro/libnx/lib/libnx.a(svc.o)
                0x0000000000006e08                svcBreak
 .text.svcReturnFromException
                0x0000000000006e10        0x8 /opt/devkitpro/libnx/lib/libnx.a(svc.o)
                0x0000000000006e10                svcReturnFromException
 .text.svcGetInfo
                0x0000000000006e18       0x14 /opt/devkitpro/libnx/lib/libnx.a(svc.o)
                0x0000000000006e18                svcGetInfo
 .text.svcUnmapTransferMemory
                0x0000000000006e2c        0x8 /opt/devkitpro/libnx/lib/libnx.a(svc.o)
                0x0000000000006e2c                svcUnmapTransferMemory
 .text.__aarch64_read_tp
                0x0000000000006e34        0xc /opt/devkitpro/libnx/lib/libnx.a(readtp.o)
                0x0000000000006e34                __aarch64_read_tp
 .text.eventLoadRemote
                0x0000000000006e40        0xc /opt/devkitpro/libnx/lib/libnx.a(event.o)
                0x0000000000006e40                eventLoadRemote
 *fill*         0x0000000000006e4c        0x4 
 .text.eventWait
                0x0000000000006e50       0x34 /opt/devkitpro/libnx/lib/libnx.a(event.o)
                0x0000000000006e50                eventWait
 *fill*         0x0000000000006e84        0xc 
 .text.eventClose
                0x0000000000006e90       0x54 /opt/devkitpro/libnx/lib/libnx.a(event.o)
                0x0000000000006e90                eventClose
 *fill*         0x0000000000006ee4        0xc 
 .text.mutexLock
                0x0000000000006ef0       0xc8 /opt/devkitpro/libnx/lib/libnx.a(mutex.o)
                0x0000000000006ef0                mutexLock
 *fill*         0x0000000000006fb8        0x8 
 .text.mutexUnlock
                0x0000000000006fc0       0x68 /opt/devkitpro/libnx/lib/libnx.a(mutex.o)
                0x0000000000006fc0                mutexUnlock
 *fill*         0x0000000000007028        0x8 
 .text.mutexIsLockedByCurrentThread
                0x0000000000007030       0x1c /opt/devkitpro/libnx/lib/libnx.a(mutex.o)
                0x0000000000007030                mutexIsLockedByCurrentThread
 *fill*         0x000000000000704c        0x4 
 .text.rmutexLock
                0x0000000000007050       0x50 /opt/devkitpro/libnx/lib/libnx.a(mutex.o)
                0x0000000000007050                rmutexLock
 .text.rmutexUnlock
                0x00000000000070a0       0x18 /opt/devkitpro/libnx/lib/libnx.a(mutex.o)
                0x00000000000070a0                rmutexUnlock
 *fill*         0x00000000000070b8        0x8 
 .text.shmemLoadRemote
                0x00000000000070c0       0x14 /opt/devkitpro/libnx/lib/libnx.a(shmem.o)
                0x00000000000070c0                shmemLoadRemote
 *fill*         0x00000000000070d4        0xc 
 .text.shmemMap
                0x00000000000070e0       0x70 /opt/devkitpro/libnx/lib/libnx.a(shmem.o)
                0x00000000000070e0                shmemMap
 .text.shmemUnmap
                0x0000000000007150       0x34 /opt/devkitpro/libnx/lib/libnx.a(shmem.o)
                0x0000000000007150                shmemUnmap
 *fill*         0x0000000000007184        0xc 
 .text.shmemClose
                0x0000000000007190       0x4c /opt/devkitpro/libnx/lib/libnx.a(shmem.o)
                0x0000000000007190                shmemClose
 *fill*         0x00000000000071dc        0x4 
 .text.tmemCreate
                0x00000000000071e0       0xa8 /opt/devkitpro/libnx/lib/libnx.a(tmem.o)
                0x00000000000071e0                tmemCreate
 *fill*         0x0000000000007288        0x8 
 .text.tmemCreateFromMemory
                0x0000000000007290       0x2c /opt/devkitpro/libnx/lib/libnx.a(tmem.o)
                0x0000000000007290                tmemCreateFromMemory
 *fill*         0x00000000000072bc        0x4 
 .text.tmemUnmap
                0x00000000000072c0       0x34 /opt/devkitpro/libnx/lib/libnx.a(tmem.o)
                0x00000000000072c0                tmemUnmap
 *fill*         0x00000000000072f4        0xc 
 .text.tmemCloseHandle
                0x0000000000007300       0x30 /opt/devkitpro/libnx/lib/libnx.a(tmem.o)
                0x0000000000007300                tmemCloseHandle
 .text.tmemWaitForPermission
                0x0000000000007330       0x9c /opt/devkitpro/libnx/lib/libnx.a(tmem.o)
                0x0000000000007330                tmemWaitForPermission
 *fill*         0x00000000000073cc        0x4 
 .text.tmemClose
                0x00000000000073d0       0x50 /opt/devkitpro/libnx/lib/libnx.a(tmem.o)
                0x00000000000073d0                tmemClose
 .text._memregionInitWithInfo
                0x0000000000007420       0x64 /opt/devkitpro/libnx/lib/libnx.a(virtmem.o)
 *fill*         0x0000000000007484        0xc 
 .text.__libnx_virtmem_rng
                0x0000000000007490        0x4 /opt/devkitpro/libnx/lib/libnx.a(virtmem.o)
                0x0000000000007490                __libnx_virtmem_rng
 *fill*         0x0000000000007494        0xc 
 .text._memregionFindRandom
                0x00000000000074a0      0x164 /opt/devkitpro/libnx/lib/libnx.a(virtmem.o)
 *fill*         0x0000000000007604        0xc 
 .text.virtmemSetup
                0x0000000000007610      0x140 /opt/devkitpro/libnx/lib/libnx.a(virtmem.o)
                0x0000000000007610                virtmemSetup
 .text.virtmemLock
                0x0000000000007750        0xc /opt/devkitpro/libnx/lib/libnx.a(virtmem.o)
                0x0000000000007750                virtmemLock
 *fill*         0x000000000000775c        0x4 
 .text.virtmemUnlock
                0x0000000000007760        0xc /opt/devkitpro/libnx/lib/libnx.a(virtmem.o)
                0x0000000000007760                virtmemUnlock
 *fill*         0x000000000000776c        0x4 
 .text.virtmemFindAslr
                0x0000000000007770       0x50 /opt/devkitpro/libnx/lib/libnx.a(virtmem.o)
                0x0000000000007770                virtmemFindAslr
 .text.waitObjects
                0x00000000000077c0      0x57c /opt/devkitpro/libnx/lib/libnx.a(wait.o)
                0x00000000000077c0                waitObjects
 *fill*         0x0000000000007d3c        0x4 
 .text._apmCleanup
                0x0000000000007d40       0xd4 /opt/devkitpro/libnx/lib/libnx.a(apm.o)
 *fill*         0x0000000000007e14        0xc 
 .text.apmInitialize
                0x0000000000007e20      0x194 /opt/devkitpro/libnx/lib/libnx.a(apm.o)
                0x0000000000007e20                apmInitialize
 *fill*         0x0000000000007fb4        0xc 
 .text.apmExit  0x0000000000007fc0       0x48 /opt/devkitpro/libnx/lib/libnx.a(apm.o)
                0x0000000000007fc0                apmExit
 *fill*         0x0000000000008008        0x8 
 .text.apmSetPerformanceConfiguration
                0x0000000000008010       0xc8 /opt/devkitpro/libnx/lib/libnx.a(apm.o)
                0x0000000000008010                apmSetPerformanceConfiguration
 *fill*         0x00000000000080d8        0x8 
 .text._bsdCleanup
                0x00000000000080e0       0xf4 /opt/devkitpro/libnx/lib/libnx.a(bsd.o)
 *fill*         0x00000000000081d4        0xc 
 .text._bsdCmdInDomainTypeProtocol
                0x00000000000081e0      0x144 /opt/devkitpro/libnx/lib/libnx.a(bsd.o)
 *fill*         0x0000000000008324        0xc 
 .text._bsdRegisterClient.constprop.0
                0x0000000000008330      0x124 /opt/devkitpro/libnx/lib/libnx.a(bsd.o)
 *fill*         0x0000000000008454        0xc 
 .text.bsdInitialize
                0x0000000000008460      0x358 /opt/devkitpro/libnx/lib/libnx.a(bsd.o)
                0x0000000000008460                bsdInitialize
 *fill*         0x00000000000087b8        0x8 
 .text.bsdExit  0x00000000000087c0       0x48 /opt/devkitpro/libnx/lib/libnx.a(bsd.o)
                0x00000000000087c0                bsdExit
 *fill*         0x0000000000008808        0x8 
 .text.bsdSocket
                0x0000000000008810        0x8 /opt/devkitpro/libnx/lib/libnx.a(bsd.o)
                0x0000000000008810                bsdSocket
 *fill*         0x0000000000008818        0x8 
 .text.bsdOpen  0x0000000000008820      0x1c8 /opt/devkitpro/libnx/lib/libnx.a(bsd.o)
                0x0000000000008820                bsdOpen
 *fill*         0x00000000000089e8        0x8 
 .text.bsdSendTo
                0x00000000000089f0      0x25c /opt/devkitpro/libnx/lib/libnx.a(bsd.o)
                0x00000000000089f0                bsdSendTo
 *fill*         0x0000000000008c4c        0x4 
 .text.bsdWrite
                0x0000000000008c50      0x1bc /opt/devkitpro/libnx/lib/libnx.a(bsd.o)
                0x0000000000008c50                bsdWrite
 *fill*         0x0000000000008e0c        0x4 
 .text.bsdRead  0x0000000000008e10      0x1b0 /opt/devkitpro/libnx/lib/libnx.a(bsd.o)
                0x0000000000008e10                bsdRead
 .text.bsdClose
                0x0000000000008fc0      0x134 /opt/devkitpro/libnx/lib/libnx.a(bsd.o)
                0x0000000000008fc0                bsdClose
 *fill*         0x00000000000090f4        0xc 
 .text.nwindowGetDefault
                0x0000000000009100        0xc /opt/devkitpro/libnx/lib/libnx.a(default_window.o)
                0x0000000000009100                nwindowGetDefault
 *fill*         0x000000000000910c        0x4 
 .text.__nx_win_init
                0x0000000000009110       0xa4 /opt/devkitpro/libnx/lib/libnx.a(default_window.o)
                0x0000000000009110                __nx_win_init
 *fill*         0x00000000000091b4        0xc 
 .text.__nx_win_exit
                0x00000000000091c0       0x34 /opt/devkitpro/libnx/lib/libnx.a(default_window.o)
                0x00000000000091c0                __nx_win_exit
 *fill*         0x00000000000091f4        0xc 
 .text.framebufferMakeLinear
                0x0000000000009200       0x8c /opt/devkitpro/libnx/lib/libnx.a(framebuffer.o)
                0x0000000000009200                framebufferMakeLinear
 *fill*         0x000000000000928c        0x4 
 .text.framebufferClose
                0x0000000000009290       0x84 /opt/devkitpro/libnx/lib/libnx.a(framebuffer.o)
                0x0000000000009290                framebufferClose
 *fill*         0x0000000000009314        0xc 
 .text.framebufferCreate
                0x0000000000009320      0x290 /opt/devkitpro/libnx/lib/libnx.a(framebuffer.o)
                0x0000000000009320                framebufferCreate
 .text.framebufferBegin
                0x00000000000095b0       0x7c /opt/devkitpro/libnx/lib/libnx.a(framebuffer.o)
                0x00000000000095b0                framebufferBegin
 *fill*         0x000000000000962c        0x4 
 .text.framebufferEnd
                0x0000000000009630      0x198 /opt/devkitpro/libnx/lib/libnx.a(framebuffer.o)
                0x0000000000009630                framebufferEnd
 *fill*         0x00000000000097c8        0x8 
 .text.nwindowIsValid
                0x00000000000097d0       0x24 /opt/devkitpro/libnx/lib/libnx.a(native_window.o)
                0x00000000000097d0                nwindowIsValid
 *fill*         0x00000000000097f4        0xc 
 .text.nwindowClose
                0x0000000000009800       0x7c /opt/devkitpro/libnx/lib/libnx.a(native_window.o)
                0x0000000000009800                nwindowClose
 *fill*         0x000000000000987c        0x4 
 .text.nwindowCreate
                0x0000000000009880       0xf8 /opt/devkitpro/libnx/lib/libnx.a(native_window.o)
                0x0000000000009880                nwindowCreate
 *fill*         0x0000000000009978        0x8 
 .text.nwindowCreateFromLayer
                0x0000000000009980       0x38 /opt/devkitpro/libnx/lib/libnx.a(native_window.o)
                0x0000000000009980                nwindowCreateFromLayer
 *fill*         0x00000000000099b8        0x8 
 .text.nwindowSetDimensions
                0x00000000000099c0       0x84 /opt/devkitpro/libnx/lib/libnx.a(native_window.o)
                0x00000000000099c0                nwindowSetDimensions
 *fill*         0x0000000000009a44        0xc 
 .text.nwindowConfigureBuffer
                0x0000000000009a50      0x180 /opt/devkitpro/libnx/lib/libnx.a(native_window.o)
                0x0000000000009a50                nwindowConfigureBuffer
 .text.nwindowDequeueBuffer
                0x0000000000009bd0      0x1cc /opt/devkitpro/libnx/lib/libnx.a(native_window.o)
                0x0000000000009bd0                nwindowDequeueBuffer
 *fill*         0x0000000000009d9c        0x4 
 .text.nwindowQueueBuffer
                0x0000000000009da0      0x12c /opt/devkitpro/libnx/lib/libnx.a(native_window.o)
                0x0000000000009da0                nwindowQueueBuffer
 *fill*         0x0000000000009ecc        0x4 
 .text.nwindowReleaseBuffers
                0x0000000000009ed0       0xbc /opt/devkitpro/libnx/lib/libnx.a(native_window.o)
                0x0000000000009ed0                nwindowReleaseBuffers
 *fill*         0x0000000000009f8c        0x4 
 .text.argvSetup
                0x0000000000009f90      0x314 /opt/devkitpro/libnx/lib/libnx.a(argv.o)
                0x0000000000009f90                argvSetup
 *fill*         0x000000000000a2a4        0xc 
 .text.__nx_dynamic
                0x000000000000a2b0      0x1fc /opt/devkitpro/libnx/lib/libnx.a(dynamic.o)
                0x000000000000a2b0                __nx_dynamic
 *fill*         0x000000000000a4ac        0x4 
 .text.__libnx_initheap
                0x000000000000a4b0       0xd0 /opt/devkitpro/libnx/lib/libnx.a(init.o)
                0x000000000000a4b0                __libnx_initheap
 .text.__appInit
                0x000000000000a580       0xec /opt/devkitpro/libnx/lib/libnx.a(init.o)
                0x000000000000a580                __appInit
 *fill*         0x000000000000a66c        0x4 
 .text.__appExit
                0x000000000000a670       0x44 /opt/devkitpro/libnx/lib/libnx.a(init.o)
                0x000000000000a670                __appExit
 *fill*         0x000000000000a6b4        0xc 
 .text.__libnx_init
                0x000000000000a6c0       0x2c /opt/devkitpro/libnx/lib/libnx.a(init.o)
                0x000000000000a6c0                __libnx_init
 *fill*         0x000000000000a6ec        0x4 
 .text.__libnx_exit
                0x000000000000a6f0       0x1c /opt/devkitpro/libnx/lib/libnx.a(init.o)
                0x000000000000a6f0                __libnx_exit
 *fill*         0x000000000000a70c        0x4 
 .text.__syscall_exit
                0x000000000000a710       0x1c /opt/devkitpro/libnx/lib/libnx.a(newlib.o)
                0x000000000000a710                __syscall_exit
 *fill*         0x000000000000a72c        0x4 
 .text.__syscall_getreent
                0x000000000000a730       0x34 /opt/devkitpro/libnx/lib/libnx.a(newlib.o)
                0x000000000000a730                __syscall_getreent
 *fill*         0x000000000000a764        0xc 
 .text.__syscall_lock_acquire
                0x000000000000a770        0x4 /opt/devkitpro/libnx/lib/libnx.a(newlib.o)
                0x000000000000a770                __syscall_lock_acquire
 *fill*         0x000000000000a774        0xc 
 .text.__syscall_lock_release
                0x000000000000a780        0x4 /opt/devkitpro/libnx/lib/libnx.a(newlib.o)
                0x000000000000a780                __syscall_lock_release
 *fill*         0x000000000000a784        0xc 
 .text.__syscall_lock_acquire_recursive
                0x000000000000a790        0x4 /opt/devkitpro/libnx/lib/libnx.a(newlib.o)
                0x000000000000a790                __syscall_lock_acquire_recursive
 *fill*         0x000000000000a794        0xc 
 .text.__syscall_lock_release_recursive
                0x000000000000a7a0        0x4 /opt/devkitpro/libnx/lib/libnx.a(newlib.o)
                0x000000000000a7a0                __syscall_lock_release_recursive
 *fill*         0x000000000000a7a4        0xc 
 .text.__libnx_init_time
                0x000000000000a7b0      0x25c /opt/devkitpro/libnx/lib/libnx.a(newlib.o)
                0x000000000000a7b0                __libnx_init_time
 *fill*         0x000000000000aa0c        0x4 
 .text.newlibSetup
                0x000000000000aa10       0x98 /opt/devkitpro/libnx/lib/libnx.a(newlib.o)
                0x000000000000aa10                newlibSetup
 *fill*         0x000000000000aaa8        0x8 
 .text.nxlinkSetup
                0x000000000000aab0       0xe8 /opt/devkitpro/libnx/lib/libnx.a(nxlink.o)
                0x000000000000aab0                nxlinkSetup
 *fill*         0x000000000000ab98        0x8 
 .text._convert_errno
                0x000000000000aba0       0x30 /opt/devkitpro/libnx/lib/libnx.a(convert_errno.o)
                0x000000000000aba0                _convert_errno
 .text.fsdev_link
                0x000000000000abd0       0x10 /opt/devkitpro/libnx/lib/libnx.a(fs_dev.o)
 .text.fsdev_dirreset
                0x000000000000abe0       0x10 /opt/devkitpro/libnx/lib/libnx.a(fs_dev.o)
 .text.fsdev_chmod
                0x000000000000abf0       0x10 /opt/devkitpro/libnx/lib/libnx.a(fs_dev.o)
 .text.error_cmp
                0x000000000000ac00       0x18 /opt/devkitpro/libnx/lib/libnx.a(fs_dev.o)
 *fill*         0x000000000000ac18        0x8 
 .text.fsdev_dirclose
                0x000000000000ac20       0x20 /opt/devkitpro/libnx/lib/libnx.a(fs_dev.o)
 .text.fsdev_close
                0x000000000000ac40       0x1c /opt/devkitpro/libnx/lib/libnx.a(fs_dev.o)
 *fill*         0x000000000000ac5c        0x4 
 .text.fsdev_converttimetoutc
                0x000000000000ac60       0x74 /opt/devkitpro/libnx/lib/libnx.a(fs_dev.o)
 *fill*         0x000000000000acd4        0xc 
 .text.fsdevFindDevice.part.0
                0x000000000000ace0       0xf8 /opt/devkitpro/libnx/lib/libnx.a(fs_dev.o)
 *fill*         0x000000000000add8        0x8 
 .text.fsdev_fixpath
                0x000000000000ade0      0x1cc /opt/devkitpro/libnx/lib/libnx.a(fs_dev.o)
 *fill*         0x000000000000afac        0x4 
 .text._fsdevUnmountDeviceStruct.part.0
                0x000000000000afb0       0x9c /opt/devkitpro/libnx/lib/libnx.a(fs_dev.o)
 *fill*         0x000000000000b04c        0x4 
 .text.fsdev_fchmod
                0x000000000000b050       0x10 /opt/devkitpro/libnx/lib/libnx.a(fs_dev.o)
 .text.fsdev_diropen
                0x000000000000b060      0x100 /opt/devkitpro/libnx/lib/libnx.a(fs_dev.o)
 .text.fsdev_statvfs
                0x000000000000b160       0xf8 /opt/devkitpro/libnx/lib/libnx.a(fs_dev.o)
 *fill*         0x000000000000b258        0x8 
 .text.fsdev_fsync
                0x000000000000b260       0x7c /opt/devkitpro/libnx/lib/libnx.a(fs_dev.o)
 *fill*         0x000000000000b2dc        0x4 
 .text.fsdev_fstat
                0x000000000000b2e0       0xec /opt/devkitpro/libnx/lib/libnx.a(fs_dev.o)
 *fill*         0x000000000000b3cc        0x4 
 .text.fsdev_ftruncate
                0x000000000000b3d0       0x94 /opt/devkitpro/libnx/lib/libnx.a(fs_dev.o)
 *fill*         0x000000000000b464        0xc 
 .text.fsdev_stat
                0x000000000000b470      0x1d8 /opt/devkitpro/libnx/lib/libnx.a(fs_dev.o)
 *fill*         0x000000000000b648        0x8 
 .text.fsdev_rename
                0x000000000000b650      0x14c /opt/devkitpro/libnx/lib/libnx.a(fs_dev.o)
 *fill*         0x000000000000b79c        0x4 
 .text.fsdev_chdir
                0x000000000000b7a0      0x13c /opt/devkitpro/libnx/lib/libnx.a(fs_dev.o)
 *fill*         0x000000000000b8dc        0x4 
 .text.fsdev_rmdir
                0x000000000000b8e0       0xa4 /opt/devkitpro/libnx/lib/libnx.a(fs_dev.o)
 *fill*         0x000000000000b984        0xc 
 .text.fsdev_mkdir
                0x000000000000b990       0xa4 /opt/devkitpro/libnx/lib/libnx.a(fs_dev.o)
 *fill*         0x000000000000ba34        0xc 
 .text.fsdev_unlink
                0x000000000000ba40       0xa4 /opt/devkitpro/libnx/lib/libnx.a(fs_dev.o)
 *fill*         0x000000000000bae4        0xc 
 .text.fsdev_write_safe
                0x000000000000baf0      0x13c /opt/devkitpro/libnx/lib/libnx.a(fs_dev.o)
 *fill*         0x000000000000bc2c        0x4 
 .text.fsdev_read_safe
                0x000000000000bc30      0x134 /opt/devkitpro/libnx/lib/libnx.a(fs_dev.o)
 *fill*         0x000000000000bd64        0xc 
 .text.fsdev_read
                0x000000000000bd70      0x100 /opt/devkitpro/libnx/lib/libnx.a(fs_dev.o)
 .text.fsdev_dirnext
                0x000000000000be70      0x1d4 /opt/devkitpro/libnx/lib/libnx.a(fs_dev.o)
 *fill*         0x000000000000c044        0xc 
 .text.fsdev_write
                0x000000000000c050      0x124 /opt/devkitpro/libnx/lib/libnx.a(fs_dev.o)
 *fill*         0x000000000000c174        0xc 
 .text.fsdev_seek
                0x000000000000c180      0x110 /opt/devkitpro/libnx/lib/libnx.a(fs_dev.o)
 .text.fsdev_open
                0x000000000000c290      0x230 /opt/devkitpro/libnx/lib/libnx.a(fs_dev.o)
 .text.fsdevMountDevice
                0x000000000000c4c0      0x324 /opt/devkitpro/libnx/lib/libnx.a(fs_dev.o)
                0x000000000000c4c0                fsdevMountDevice
 *fill*         0x000000000000c7e4        0xc 
 .text.fsdevMountSdmc
                0x000000000000c7f0       0x40 /opt/devkitpro/libnx/lib/libnx.a(fs_dev.o)
                0x000000000000c7f0                fsdevMountSdmc
 .text.__libnx_init_cwd
                0x000000000000c830       0xbc /opt/devkitpro/libnx/lib/libnx.a(fs_dev.o)
                0x000000000000c830                __libnx_init_cwd
 *fill*         0x000000000000c8ec        0x4 
 .text.fsdevUnmountAll
                0x000000000000c8f0       0x64 /opt/devkitpro/libnx/lib/libnx.a(fs_dev.o)
                0x000000000000c8f0                fsdevUnmountAll
 *fill*         0x000000000000c954        0xc 
 .text.decode_utf8
                0x000000000000c960      0x128 /opt/devkitpro/libnx/lib/libnx.a(decode_utf8.o)
                0x000000000000c960                decode_utf8
 .text.armDCacheFlush
                0x000000000000ca88       0x4c /opt/devkitpro/libnx/lib/libnx.a(cache.o)
                0x000000000000ca88                armDCacheFlush
 .text.__libnx_exception_entry
                0x000000000000cad4      0x1c0 /opt/devkitpro/libnx/lib/libnx.a(exception.o)
                0x000000000000cad4                __libnx_exception_entry
 .text.__libnx_exception_returnentry
                0x000000000000cc94       0x18 /opt/devkitpro/libnx/lib/libnx.a(exception.o)
                0x000000000000cc94                __libnx_exception_returnentry
 *fill*         0x000000000000ccac        0x4 
 .text.condvarWaitTimeout
                0x000000000000ccb0       0x70 /opt/devkitpro/libnx/lib/libnx.a(condvar.o)
                0x000000000000ccb0                condvarWaitTimeout
 .text.randomGet
                0x000000000000cd20      0x410 /opt/devkitpro/libnx/lib/libnx.a(random.o)
                0x000000000000cd20                randomGet
 .text.randomGet64
                0x000000000000d130       0x20 /opt/devkitpro/libnx/lib/libnx.a(random.o)
                0x000000000000d130                randomGet64
 .text.__libnx_init_thread
                0x000000000000d150       0xb0 /opt/devkitpro/libnx/lib/libnx.a(thread.o)
                0x000000000000d150                __libnx_init_thread
 .text.sessionmgrCreate
                0x000000000000d200      0x184 /opt/devkitpro/libnx/lib/libnx.a(sessionmgr.o)
                0x000000000000d200                sessionmgrCreate
 *fill*         0x000000000000d384        0xc 
 .text.sessionmgrClose
                0x000000000000d390       0x84 /opt/devkitpro/libnx/lib/libnx.a(sessionmgr.o)
                0x000000000000d390                sessionmgrClose
 *fill*         0x000000000000d414        0xc 
 .text.sessionmgrAttachClient
                0x000000000000d420       0xa8 /opt/devkitpro/libnx/lib/libnx.a(sessionmgr.o)
                0x000000000000d420                sessionmgrAttachClient
 *fill*         0x000000000000d4c8        0x8 
 .text.sessionmgrDetachClient
                0x000000000000d4d0       0x60 /opt/devkitpro/libnx/lib/libnx.a(sessionmgr.o)
                0x000000000000d4d0                sessionmgrDetachClient
 .text._fsCleanup
                0x000000000000d530       0xb4 /opt/devkitpro/libnx/lib/libnx.a(fs.o)
 *fill*         0x000000000000d5e4        0xc 
 .text._fsCmdNoIO
                0x000000000000d5f0      0x1c0 /opt/devkitpro/libnx/lib/libnx.a(fs.o)
 .text._fsFsCmdWithInPath
                0x000000000000d7b0      0x1e0 /opt/devkitpro/libnx/lib/libnx.a(fs.o)
 .text._fsFsCmdWithTwoInPaths
                0x000000000000d990      0x1f8 /opt/devkitpro/libnx/lib/libnx.a(fs.o)
 *fill*         0x000000000000db88        0x8 
 .text._fsFsOpenCommon
                0x000000000000db90      0x28c /opt/devkitpro/libnx/lib/libnx.a(fs.o)
 *fill*         0x000000000000de1c        0x4 
 .text._fsFsCmdWithInPathAndOutU64
                0x000000000000de20      0x1fc /opt/devkitpro/libnx/lib/libnx.a(fs.o)
 *fill*         0x000000000000e01c        0x4 
 .text._fsObjectClose
                0x000000000000e020       0xf8 /opt/devkitpro/libnx/lib/libnx.a(fs.o)
 *fill*         0x000000000000e118        0x8 
 .text._fsCmdGetSession.constprop.0
                0x000000000000e120      0x17c /opt/devkitpro/libnx/lib/libnx.a(fs.o)
 *fill*         0x000000000000e29c        0x4 
 .text.fsInitialize
                0x000000000000e2a0      0x2f8 /opt/devkitpro/libnx/lib/libnx.a(fs.o)
                0x000000000000e2a0                fsInitialize
 *fill*         0x000000000000e598        0x8 
 .text.fsExit   0x000000000000e5a0       0x48 /opt/devkitpro/libnx/lib/libnx.a(fs.o)
                0x000000000000e5a0                fsExit
 *fill*         0x000000000000e5e8        0x8 
 .text.fsOpenSdCardFileSystem
                0x000000000000e5f0        0x8 /opt/devkitpro/libnx/lib/libnx.a(fs.o)
                0x000000000000e5f0                fsOpenSdCardFileSystem
 *fill*         0x000000000000e5f8        0x8 
 .text.fsFsCreateFile
                0x000000000000e600      0x1ec /opt/devkitpro/libnx/lib/libnx.a(fs.o)
                0x000000000000e600                fsFsCreateFile
 *fill*         0x000000000000e7ec        0x4 
 .text.fsFsDeleteFile
                0x000000000000e7f0        0x8 /opt/devkitpro/libnx/lib/libnx.a(fs.o)
                0x000000000000e7f0                fsFsDeleteFile
 *fill*         0x000000000000e7f8        0x8 
 .text.fsFsCreateDirectory
                0x000000000000e800        0x8 /opt/devkitpro/libnx/lib/libnx.a(fs.o)
                0x000000000000e800                fsFsCreateDirectory
 *fill*         0x000000000000e808        0x8 
 .text.fsFsDeleteDirectory
                0x000000000000e810        0x8 /opt/devkitpro/libnx/lib/libnx.a(fs.o)
                0x000000000000e810                fsFsDeleteDirectory
 *fill*         0x000000000000e818        0x8 
 .text.fsFsRenameFile
                0x000000000000e820        0x8 /opt/devkitpro/libnx/lib/libnx.a(fs.o)
                0x000000000000e820                fsFsRenameFile
 *fill*         0x000000000000e828        0x8 
 .text.fsFsRenameDirectory
                0x000000000000e830        0x8 /opt/devkitpro/libnx/lib/libnx.a(fs.o)
                0x000000000000e830                fsFsRenameDirectory
 *fill*         0x000000000000e838        0x8 
 .text.fsFsGetEntryType
                0x000000000000e840      0x1f0 /opt/devkitpro/libnx/lib/libnx.a(fs.o)
                0x000000000000e840                fsFsGetEntryType
 .text.fsFsOpenFile
                0x000000000000ea30        0x8 /opt/devkitpro/libnx/lib/libnx.a(fs.o)
                0x000000000000ea30                fsFsOpenFile
 *fill*         0x000000000000ea38        0x8 
 .text.fsFsOpenDirectory
                0x000000000000ea40        0x8 /opt/devkitpro/libnx/lib/libnx.a(fs.o)
                0x000000000000ea40                fsFsOpenDirectory
 *fill*         0x000000000000ea48        0x8 
 .text.fsFsGetFreeSpace
                0x000000000000ea50        0x8 /opt/devkitpro/libnx/lib/libnx.a(fs.o)
                0x000000000000ea50                fsFsGetFreeSpace
 *fill*         0x000000000000ea58        0x8 
 .text.fsFsGetTotalSpace
                0x000000000000ea60        0x8 /opt/devkitpro/libnx/lib/libnx.a(fs.o)
                0x000000000000ea60                fsFsGetTotalSpace
 *fill*         0x000000000000ea68        0x8 
 .text.fsFsGetFileTimeStampRaw
                0x000000000000ea70      0x230 /opt/devkitpro/libnx/lib/libnx.a(fs.o)
                0x000000000000ea70                fsFsGetFileTimeStampRaw
 .text.fsFsClose
                0x000000000000eca0        0x4 /opt/devkitpro/libnx/lib/libnx.a(fs.o)
                0x000000000000eca0                fsFsClose
 *fill*         0x000000000000eca4        0xc 
 .text.fsFileRead
                0x000000000000ecb0      0x214 /opt/devkitpro/libnx/lib/libnx.a(fs.o)
                0x000000000000ecb0                fsFileRead
 *fill*         0x000000000000eec4        0xc 
 .text.fsFileWrite
                0x000000000000eed0      0x1f8 /opt/devkitpro/libnx/lib/libnx.a(fs.o)
                0x000000000000eed0                fsFileWrite
 *fill*         0x000000000000f0c8        0x8 
 .text.fsFileFlush
                0x000000000000f0d0        0x8 /opt/devkitpro/libnx/lib/libnx.a(fs.o)
                0x000000000000f0d0                fsFileFlush
 *fill*         0x000000000000f0d8        0x8 
 .text.fsFileSetSize
                0x000000000000f0e0      0x1c0 /opt/devkitpro/libnx/lib/libnx.a(fs.o)
                0x000000000000f0e0                fsFileSetSize
 .text.fsFileGetSize
                0x000000000000f2a0      0x1d4 /opt/devkitpro/libnx/lib/libnx.a(fs.o)
                0x000000000000f2a0                fsFileGetSize
 *fill*         0x000000000000f474        0xc 
 .text.fsFileClose
                0x000000000000f480        0x4 /opt/devkitpro/libnx/lib/libnx.a(fs.o)
                0x000000000000f480                fsFileClose
 *fill*         0x000000000000f484        0xc 
 .text.fsDirClose
                0x000000000000f490        0x4 /opt/devkitpro/libnx/lib/libnx.a(fs.o)
                0x000000000000f490                fsDirClose
 *fill*         0x000000000000f494        0xc 
 .text.fsDirRead
                0x000000000000f4a0      0x204 /opt/devkitpro/libnx/lib/libnx.a(fs.o)
                0x000000000000f4a0                fsDirRead
 *fill*         0x000000000000f6a4        0xc 
 .text._nvCleanup
                0x000000000000f6b0       0xd0 /opt/devkitpro/libnx/lib/libnx.a(nv.o)
 .text._nvCmdInitialize.constprop.0
                0x000000000000f780       0xd4 /opt/devkitpro/libnx/lib/libnx.a(nv.o)
 *fill*         0x000000000000f854        0xc 
 .text.__nx_nv_create_tmem
                0x000000000000f860       0x18 /opt/devkitpro/libnx/lib/libnx.a(nv.o)
                0x000000000000f860                __nx_nv_create_tmem
 *fill*         0x000000000000f878        0x8 
 .text.nvInitialize
                0x000000000000f880      0x3a8 /opt/devkitpro/libnx/lib/libnx.a(nv.o)
                0x000000000000f880                nvInitialize
 *fill*         0x000000000000fc28        0x8 
 .text.nvExit   0x000000000000fc30       0x48 /opt/devkitpro/libnx/lib/libnx.a(nv.o)
                0x000000000000fc30                nvExit
 *fill*         0x000000000000fc78        0x8 
 .text.nvConvertError
                0x000000000000fc80       0xf4 /opt/devkitpro/libnx/lib/libnx.a(nv.o)
                0x000000000000fc80                nvConvertError
 *fill*         0x000000000000fd74        0xc 
 .text.nvOpen   0x000000000000fd80      0x114 /opt/devkitpro/libnx/lib/libnx.a(nv.o)
                0x000000000000fd80                nvOpen
 *fill*         0x000000000000fe94        0xc 
 .text.nvIoctl  0x000000000000fea0      0x310 /opt/devkitpro/libnx/lib/libnx.a(nv.o)
                0x000000000000fea0                nvIoctl
 .text.nvClose  0x00000000000101b0       0xd4 /opt/devkitpro/libnx/lib/libnx.a(nv.o)
                0x00000000000101b0                nvClose
 *fill*         0x0000000000010284        0xc 
 .text.nvQueryEvent
                0x0000000000010290      0x10c /opt/devkitpro/libnx/lib/libnx.a(nv.o)
                0x0000000000010290                nvQueryEvent
 *fill*         0x000000000001039c        0x4 
 .text._setsysGetFirmwareVersionImpl
                0x00000000000103a0       0xd0 /opt/devkitpro/libnx/lib/libnx.a(set.o)
 .text._setsysCleanup
                0x0000000000010470       0x78 /opt/devkitpro/libnx/lib/libnx.a(set.o)
 *fill*         0x00000000000104e8        0x8 
 .text.setsysInitialize
                0x00000000000104f0       0xa0 /opt/devkitpro/libnx/lib/libnx.a(set.o)
                0x00000000000104f0                setsysInitialize
 .text.setsysExit
                0x0000000000010590       0x48 /opt/devkitpro/libnx/lib/libnx.a(set.o)
                0x0000000000010590                setsysExit
 *fill*         0x00000000000105d8        0x8 
 .text.setsysGetFirmwareVersion
                0x00000000000105e0       0x48 /opt/devkitpro/libnx/lib/libnx.a(set.o)
                0x00000000000105e0                setsysGetFirmwareVersion
 *fill*         0x0000000000010628        0x8 
 .text._timeCleanup
                0x0000000000010630      0x27c /opt/devkitpro/libnx/lib/libnx.a(time.o)
 *fill*         0x00000000000108ac        0x4 
 .text._timeCmdGetSession.constprop.0
                0x00000000000108b0      0x100 /opt/devkitpro/libnx/lib/libnx.a(time.o)
 .text._timeReadClockFromSharedMem
                0x00000000000109b0      0x104 /opt/devkitpro/libnx/lib/libnx.a(time.o)
 *fill*         0x0000000000010ab4        0xc 
 .text.timeInitialize
                0x0000000000010ac0      0x300 /opt/devkitpro/libnx/lib/libnx.a(time.o)
                0x0000000000010ac0                timeInitialize
 .text.timeExit
                0x0000000000010dc0       0x48 /opt/devkitpro/libnx/lib/libnx.a(time.o)
                0x0000000000010dc0                timeExit
 *fill*         0x0000000000010e08        0x8 
 .text.timeGetServiceSession_SystemClock
                0x0000000000010e10       0x38 /opt/devkitpro/libnx/lib/libnx.a(time.o)
                0x0000000000010e10                timeGetServiceSession_SystemClock
 *fill*         0x0000000000010e48        0x8 
 .text.timeGetCurrentTime
                0x0000000000010e50       0xfc /opt/devkitpro/libnx/lib/libnx.a(time.o)
                0x0000000000010e50                timeGetCurrentTime
 *fill*         0x0000000000010f4c        0x4 
 .text.timeToCalendarTimeWithMyRule
                0x0000000000010f50      0x108 /opt/devkitpro/libnx/lib/libnx.a(time.o)
                0x0000000000010f50                timeToCalendarTimeWithMyRule
 *fill*         0x0000000000011058        0x8 
 .text.timeToPosixTimeWithMyRule
                0x0000000000011060      0x114 /opt/devkitpro/libnx/lib/libnx.a(time.o)
                0x0000000000011060                timeToPosixTimeWithMyRule
 *fill*         0x0000000000011174        0xc 
 .text._viCleanup
                0x0000000000011180      0x230 /opt/devkitpro/libnx/lib/libnx.a(vi.o)
 .text._viCmdGetSessionNoParams.constprop.0
                0x00000000000113b0      0x100 /opt/devkitpro/libnx/lib/libnx.a(vi.o)
 .text.viInitialize
                0x00000000000114b0      0x368 /opt/devkitpro/libnx/lib/libnx.a(vi.o)
                0x00000000000114b0                viInitialize
 *fill*         0x0000000000011818        0x8 
 .text.viExit   0x0000000000011820       0x48 /opt/devkitpro/libnx/lib/libnx.a(vi.o)
                0x0000000000011820                viExit
 *fill*         0x0000000000011868        0x8 
 .text.viGetSession_IHOSBinderDriverRelay
                0x0000000000011870        0xc /opt/devkitpro/libnx/lib/libnx.a(vi.o)
                0x0000000000011870                viGetSession_IHOSBinderDriverRelay
 *fill*         0x000000000001187c        0x4 
 .text.viOpenDisplay
                0x0000000000011880      0x10c /opt/devkitpro/libnx/lib/libnx.a(vi.o)
                0x0000000000011880                viOpenDisplay
 *fill*         0x000000000001198c        0x4 
 .text.viCloseDisplay
                0x0000000000011990       0xec /opt/devkitpro/libnx/lib/libnx.a(vi.o)
                0x0000000000011990                viCloseDisplay
 *fill*         0x0000000000011a7c        0x4 
 .text.viCloseLayer
                0x0000000000011a80       0xf4 /opt/devkitpro/libnx/lib/libnx.a(vi.o)
                0x0000000000011a80                viCloseLayer
 *fill*         0x0000000000011b74        0xc 
 .text.viCreateLayer
                0x0000000000011b80      0x394 /opt/devkitpro/libnx/lib/libnx.a(vi.o)
                0x0000000000011b80                viCreateLayer
 *fill*         0x0000000000011f14        0xc 
 .text.viSetLayerScalingMode
                0x0000000000011f20       0xd8 /opt/devkitpro/libnx/lib/libnx.a(vi.o)
                0x0000000000011f20                viSetLayerScalingMode
 *fill*         0x0000000000011ff8        0x8 
 .text._nvFenceCleanup
                0x0000000000012000       0x74 /opt/devkitpro/libnx/lib/libnx.a(fence.o)
 *fill*         0x0000000000012074        0xc 
 .text.nvFenceInit
                0x0000000000012080       0x98 /opt/devkitpro/libnx/lib/libnx.a(fence.o)
                0x0000000000012080                nvFenceInit
 *fill*         0x0000000000012118        0x8 
 .text.nvFenceExit
                0x0000000000012120       0x48 /opt/devkitpro/libnx/lib/libnx.a(fence.o)
                0x0000000000012120                nvFenceExit
 *fill*         0x0000000000012168        0x8 
 .text.nvFenceWait
                0x0000000000012170      0x290 /opt/devkitpro/libnx/lib/libnx.a(fence.o)
                0x0000000000012170                nvFenceWait
 .text.nvMultiFenceWait
                0x0000000000012400       0x7c /opt/devkitpro/libnx/lib/libnx.a(fence.o)
                0x0000000000012400                nvMultiFenceWait
 *fill*         0x000000000001247c        0x4 
 .text.nvMapInit
                0x0000000000012480       0xac /opt/devkitpro/libnx/lib/libnx.a(map.o)
                0x0000000000012480                nvMapInit
 *fill*         0x000000000001252c        0x4 
 .text.nvMapExit
                0x0000000000012530       0x74 /opt/devkitpro/libnx/lib/libnx.a(map.o)
                0x0000000000012530                nvMapExit
 *fill*         0x00000000000125a4        0xc 
 .text.nvMapClose
                0x00000000000125b0       0x8c /opt/devkitpro/libnx/lib/libnx.a(map.o)
                0x00000000000125b0                nvMapClose
 *fill*         0x000000000001263c        0x4 
 .text.nvMapCreate
                0x0000000000012640      0x160 /opt/devkitpro/libnx/lib/libnx.a(map.o)
                0x0000000000012640                nvMapCreate
 .text.nvioctlNvhostCtrl_EventSignal
                0x00000000000127a0       0x24 /opt/devkitpro/libnx/lib/libnx.a(nvhost-ctrl.o)
                0x00000000000127a0                nvioctlNvhostCtrl_EventSignal
 *fill*         0x00000000000127c4        0xc 
 .text.nvioctlNvhostCtrl_EventWait
                0x00000000000127d0       0x3c /opt/devkitpro/libnx/lib/libnx.a(nvhost-ctrl.o)
                0x00000000000127d0                nvioctlNvhostCtrl_EventWait
 *fill*         0x000000000001280c        0x4 
 .text.nvioctlNvhostCtrl_EventWaitAsync
                0x0000000000012810       0x28 /opt/devkitpro/libnx/lib/libnx.a(nvhost-ctrl.o)
                0x0000000000012810                nvioctlNvhostCtrl_EventWaitAsync
 *fill*         0x0000000000012838        0x8 
 .text.nvioctlNvhostCtrl_EventRegister
                0x0000000000012840       0x24 /opt/devkitpro/libnx/lib/libnx.a(nvhost-ctrl.o)
                0x0000000000012840                nvioctlNvhostCtrl_EventRegister
 *fill*         0x0000000000012864        0xc 
 .text.nvioctlNvhostCtrl_EventUnregister
                0x0000000000012870       0x24 /opt/devkitpro/libnx/lib/libnx.a(nvhost-ctrl.o)
                0x0000000000012870                nvioctlNvhostCtrl_EventUnregister
 *fill*         0x0000000000012894        0xc 
 .text.nvioctlNvmap_Create
                0x00000000000128a0       0x3c /opt/devkitpro/libnx/lib/libnx.a(nvmap.o)
                0x00000000000128a0                nvioctlNvmap_Create
 *fill*         0x00000000000128dc        0x4 
 .text.nvioctlNvmap_Alloc
                0x00000000000128e0       0x30 /opt/devkitpro/libnx/lib/libnx.a(nvmap.o)
                0x00000000000128e0                nvioctlNvmap_Alloc
 .text.nvioctlNvmap_Free
                0x0000000000012910       0x30 /opt/devkitpro/libnx/lib/libnx.a(nvmap.o)
                0x0000000000012910                nvioctlNvmap_Free
 .text.nvioctlNvmap_GetId
                0x0000000000012940       0x3c /opt/devkitpro/libnx/lib/libnx.a(nvmap.o)
                0x0000000000012940                nvioctlNvmap_GetId
 *fill*         0x000000000001297c        0x4 
 .text.binderCreate
                0x0000000000012980       0x1c /opt/devkitpro/libnx/lib/libnx.a(binder.o)
                0x0000000000012980                binderCreate
 *fill*         0x000000000001299c        0x4 
 .text.binderTransactParcel
                0x00000000000129a0      0x35c /opt/devkitpro/libnx/lib/libnx.a(binder.o)
                0x00000000000129a0                binderTransactParcel
 *fill*         0x0000000000012cfc        0x4 
 .text.binderConvertErrorCode
                0x0000000000012d00       0xe8 /opt/devkitpro/libnx/lib/libnx.a(binder.o)
                0x0000000000012d00                binderConvertErrorCode
 *fill*         0x0000000000012de8        0x8 
 .text.binderAdjustRefcount
                0x0000000000012df0      0x124 /opt/devkitpro/libnx/lib/libnx.a(binder.o)
                0x0000000000012df0                binderAdjustRefcount
 *fill*         0x0000000000012f14        0xc 
 .text.binderInitSession
                0x0000000000012f20       0x9c /opt/devkitpro/libnx/lib/libnx.a(binder.o)
                0x0000000000012f20                binderInitSession
 *fill*         0x0000000000012fbc        0x4 
 .text.binderClose
                0x0000000000012fc0       0x5c /opt/devkitpro/libnx/lib/libnx.a(binder.o)
                0x0000000000012fc0                binderClose
 *fill*         0x000000000001301c        0x4 
 .text.binderGetNativeHandle
                0x0000000000013020      0x154 /opt/devkitpro/libnx/lib/libnx.a(binder.o)
                0x0000000000013020                binderGetNativeHandle
 *fill*         0x0000000000013174        0xc 
 .text.bqRequestBuffer
                0x0000000000013180       0xc8 /opt/devkitpro/libnx/lib/libnx.a(buffer_producer.o)
                0x0000000000013180                bqRequestBuffer
 *fill*         0x0000000000013248        0x8 
 .text.bqDequeueBuffer
                0x0000000000013250      0x128 /opt/devkitpro/libnx/lib/libnx.a(buffer_producer.o)
                0x0000000000013250                bqDequeueBuffer
 *fill*         0x0000000000013378        0x8 
 .text.bqQueueBuffer
                0x0000000000013380       0xc8 /opt/devkitpro/libnx/lib/libnx.a(buffer_producer.o)
                0x0000000000013380                bqQueueBuffer
 *fill*         0x0000000000013448        0x8 
 .text.bqCancelBuffer
                0x0000000000013450       0x84 /opt/devkitpro/libnx/lib/libnx.a(buffer_producer.o)
                0x0000000000013450                bqCancelBuffer
 *fill*         0x00000000000134d4        0xc 
 .text.bqConnect
                0x00000000000134e0       0xd0 /opt/devkitpro/libnx/lib/libnx.a(buffer_producer.o)
                0x00000000000134e0                bqConnect
 .text.bqDisconnect
                0x00000000000135b0       0x88 /opt/devkitpro/libnx/lib/libnx.a(buffer_producer.o)
                0x00000000000135b0                bqDisconnect
 *fill*         0x0000000000013638        0x8 
 .text.bqSetPreallocatedBuffer
                0x0000000000013640      0x194 /opt/devkitpro/libnx/lib/libnx.a(buffer_producer.o)
                0x0000000000013640                bqSetPreallocatedBuffer
 *fill*         0x00000000000137d4        0xc 
 .text.parcelCreate
                0x00000000000137e0       0x30 /opt/devkitpro/libnx/lib/libnx.a(parcel.o)
                0x00000000000137e0                parcelCreate
 .text.parcelTransact
                0x0000000000013810      0x174 /opt/devkitpro/libnx/lib/libnx.a(parcel.o)
                0x0000000000013810                parcelTransact
 *fill*         0x0000000000013984        0xc 
 .text.parcelWriteData
                0x0000000000013990       0x80 /opt/devkitpro/libnx/lib/libnx.a(parcel.o)
                0x0000000000013990                parcelWriteData
 .text.parcelReadData
                0x0000000000013a10       0x88 /opt/devkitpro/libnx/lib/libnx.a(parcel.o)
                0x0000000000013a10                parcelReadData
 *fill*         0x0000000000013a98        0x8 
 .text.parcelWriteInt32
                0x0000000000013aa0       0x20 /opt/devkitpro/libnx/lib/libnx.a(parcel.o)
                0x0000000000013aa0                parcelWriteInt32
 .text.parcelWriteUInt32
                0x0000000000013ac0       0x20 /opt/devkitpro/libnx/lib/libnx.a(parcel.o)
                0x0000000000013ac0                parcelWriteUInt32
 .text.parcelWriteString16
                0x0000000000013ae0       0x7c /opt/devkitpro/libnx/lib/libnx.a(parcel.o)
                0x0000000000013ae0                parcelWriteString16
 *fill*         0x0000000000013b5c        0x4 
 .text.parcelWriteInterfaceToken
                0x0000000000013b60       0x30 /opt/devkitpro/libnx/lib/libnx.a(parcel.o)
                0x0000000000013b60                parcelWriteInterfaceToken
 .text.parcelReadInt32
                0x0000000000013b90       0x24 /opt/devkitpro/libnx/lib/libnx.a(parcel.o)
                0x0000000000013b90                parcelReadInt32
 *fill*         0x0000000000013bb4        0xc 
 .text.parcelReadFlattenedObject
                0x0000000000013bc0       0x68 /opt/devkitpro/libnx/lib/libnx.a(parcel.o)
                0x0000000000013bc0                parcelReadFlattenedObject
 *fill*         0x0000000000013c28        0x8 
 .text.parcelWriteFlattenedObject
                0x0000000000013c30       0x44 /opt/devkitpro/libnx/lib/libnx.a(parcel.o)
                0x0000000000013c30                parcelWriteFlattenedObject
 *fill*         0x0000000000013c74        0xc 
 .text.strncat  0x0000000000013c80       0xc4 /opt/devkitpro/devkitA64/lib/gcc/aarch64-none-elf/15.2.0/../../../../aarch64-none-elf/lib/pic/libg.a(libc_a-strncat.o)
                0x0000000000013c80                strncat
 *fill*         0x0000000000013d44       0x3c 
 .text          0x0000000000013d80       0xcc /opt/devkitpro/devkitA64/lib/gcc/aarch64-none-elf/15.2.0/../../../../aarch64-none-elf/lib/pic/libg.a(libc_a-strchr.o)
                0x0000000000013d80                strchr
 *fill*         0x0000000000013e4c       0x34 
 .text          0x0000000000013e80       0xb8 /opt/devkitpro/devkitA64/lib/gcc/aarch64-none-elf/15.2.0/../../../../aarch64-none-elf/lib/pic/libg.a(libc_a-strnlen.o)
                0x0000000000013e80                strnlen
 *fill*         0x0000000000013f38        0x8 
 .text.bsearch  0x0000000000013f40       0xb4 /opt/devkitpro/devkitA64/lib/gcc/aarch64-none-elf/15.2.0/../../../../aarch64-none-elf/lib/pic/libg.a(libc_a-bsearch.o)
                0x0000000000013f40                bsearch
 *fill*         0x0000000000013ff4        0xc 
 .text          0x0000000000014000      0x22c /opt/devkitpro/devkitA64/lib/gcc/aarch64-none-elf/15.2.0/../../../../aarch64-none-elf/lib/pic/libg.a(libc_a-memcpy.o)
                0x0000000000014000                memmove
                0x0000000000014000                memcpy
 *fill*         0x000000000001422c       0x14 
 .text.close    0x0000000000014240       0x1c /opt/devkitpro/devkitA64/lib/gcc/aarch64-none-elf/15.2.0/../../../../aarch64-none-elf/lib/pic/libg.a(libc_a-sysclose.o)
                0x0000000000014240                close
 *fill*         0x000000000001425c        0x4 
 .text.gmtime   0x0000000000014260       0x28 /opt/devkitpro/devkitA64/lib/gcc/aarch64-none-elf/15.2.0/../../../../aarch64-none-elf/lib/pic/libg.a(libc_a-gmtime.o)
                0x0000000000014260                gmtime
 *fill*         0x0000000000014288       0x38 
 .text          0x00000000000142c0      0x104 /opt/devkitpro/devkitA64/lib/gcc/aarch64-none-elf/15.2.0/../../../../aarch64-none-elf/lib/pic/libg.a(libc_a-memset.o)
                0x00000000000142c0                memset
 *fill*         0x00000000000143c4       0x1c 
 .text.printf   0x00000000000143e0       0x80 /opt/devkitpro/devkitA64/lib/gcc/aarch64-none-elf/15.2.0/../../../../aarch64-none-elf/lib/pic/libg.a(libc_a-printf.o)
                0x00000000000143e0                printf
 .text._strtoul_l.isra.0
                0x0000000000014460      0x1a4 /opt/devkitpro/devkitA64/lib/gcc/aarch64-none-elf/15.2.0/../../../../aarch64-none-elf/lib/pic/libg.a(libc_a-strtoul.o)
 *fill*         0x0000000000014604       0x1c 
 .text.strtoul  0x0000000000014620       0x40 /opt/devkitpro/devkitA64/lib/gcc/aarch64-none-elf/15.2.0/../../../../aarch64-none-elf/lib/pic/libg.a(libc_a-strtoul.o)
                0x0000000000014620                strtoul
 .text.aligned_alloc
                0x0000000000014660       0x2c /opt/devkitpro/devkitA64/lib/gcc/aarch64-none-elf/15.2.0/../../../../aarch64-none-elf/lib/pic/libg.a(libc_a-aligned_alloc.o)
                0x0000000000014660                aligned_alloc
 *fill*         0x000000000001468c       0x14 
 .text._memalign_r
                0x00000000000146a0      0x18c /opt/devkitpro/devkitA64/lib/gcc/aarch64-none-elf/15.2.0/../../../../aarch64-none-elf/lib/pic/libg.a(libc_a-malignr.o)
                0x00000000000146a0                _memalign_r
 *fill*         0x000000000001482c       0x14 
 .text.__errno  0x0000000000014840       0x14 /opt/devkitpro/devkitA64/lib/gcc/aarch64-none-elf/15.2.0/../../../../aarch64-none-elf/lib/pic/libg.a(libc_a-errno.o)
                0x0000000000014840                __errno
 *fill*         0x0000000000014854       0x2c 
 .text          0x0000000000014880      0x130 /opt/devkitpro/devkitA64/lib/gcc/aarch64-none-elf/15.2.0/../../../../aarch64-none-elf/lib/pic/libg.a(libc_a-strlen.o)
                0x0000000000014880                strlen
 *fill*         0x00000000000149b0       0x10 
 .text          0x00000000000149c0      0x1b4 /opt/devkitpro/devkitA64/lib/gcc/aarch64-none-elf/15.2.0/../../../../aarch64-none-elf/lib/pic/libg.a(libc_a-strncmp.o)
                0x00000000000149c0                strncmp
 *fill*         0x0000000000014b74        0xc 
 .text._malloc_r
                0x0000000000014b80      0x840 /opt/devkitpro/devkitA64/lib/gcc/aarch64-none-elf/15.2.0/../../../../aarch64-none-elf/lib/pic/libg.a(libc_a-mallocr.o)
                0x0000000000014b80                _malloc_r
 .text._malloc_trim_r
                0x00000000000153c0      0x11c /opt/devkitpro/devkitA64/lib/gcc/aarch64-none-elf/15.2.0/../../../../aarch64-none-elf/lib/pic/libg.a(libc_a-freer.o)
                0x00000000000153c0                _malloc_trim_r
 *fill*         0x00000000000154dc        0x4 
 .text._free_r  0x00000000000154e0      0x2d8 /opt/devkitpro/devkitA64/lib/gcc/aarch64-none-elf/15.2.0/../../../../aarch64-none-elf/lib/pic/libg.a(libc_a-freer.o)
                0x00000000000154e0                _free_r
 *fill*         0x00000000000157b8        0x8 
 .text.setvbuf  0x00000000000157c0      0x278 /opt/devkitpro/devkitA64/lib/gcc/aarch64-none-elf/15.2.0/../../../../aarch64-none-elf/lib/pic/libg.a(libc_a-setvbuf.o)
                0x00000000000157c0                setvbuf
 *fill*         0x0000000000015a38        0x8 
 .text.stdio_exit_handler
                0x0000000000015a40       0x1c /opt/devkitpro/devkitA64/lib/gcc/aarch64-none-elf/15.2.0/../../../../aarch64-none-elf/lib/pic/libg.a(libc_a-findfp.o)
 *fill*         0x0000000000015a5c        0x4 
 .text.cleanup_stdio
                0x0000000000015a60       0x6c /opt/devkitpro/devkitA64/lib/gcc/aarch64-none-elf/15.2.0/../../../../aarch64-none-elf/lib/pic/libg.a(libc_a-findfp.o)
 *fill*         0x0000000000015acc       0x14 
 .text.global_stdio_init.part.0
                0x0000000000015ae0      0x128 /opt/devkitpro/devkitA64/lib/gcc/aarch64-none-elf/15.2.0/../../../../aarch64-none-elf/lib/pic/libg.a(libc_a-findfp.o)
 *fill*         0x0000000000015c08       0x18 
 .text.__sfp_lock_acquire
                0x0000000000015c20        0xc /opt/devkitpro/devkitA64/lib/gcc/aarch64-none-elf/15.2.0/../../../../aarch64-none-elf/lib/pic/libg.a(libc_a-findfp.o)
                0x0000000000015c20                __sfp_lock_acquire
 *fill*         0x0000000000015c2c       0x14 
 .text.__sfp_lock_release
                0x0000000000015c40        0xc /opt/devkitpro/devkitA64/lib/gcc/aarch64-none-elf/15.2.0/../../../../aarch64-none-elf/lib/pic/libg.a(libc_a-findfp.o)
                0x0000000000015c40                __sfp_lock_release
 *fill*         0x0000000000015c4c       0x14 
 .text.__sinit  0x0000000000015c60       0x54 /opt/devkitpro/devkitA64/lib/gcc/aarch64-none-elf/15.2.0/../../../../aarch64-none-elf/lib/pic/libg.a(libc_a-findfp.o)
                0x0000000000015c60                __sinit
 *fill*         0x0000000000015cb4        0xc 
 .text.__libc_init_array
                0x0000000000015cc0       0xa4 /opt/devkitpro/devkitA64/lib/gcc/aarch64-none-elf/15.2.0/../../../../aarch64-none-elf/lib/pic/libg.a(libc_a-init.o)
                0x0000000000015cc0                __libc_init_array
 *fill*         0x0000000000015d64       0x1c 
 .text.strncpy  0x0000000000015d80       0xac /opt/devkitpro/devkitA64/lib/gcc/aarch64-none-elf/15.2.0/../../../../aarch64-none-elf/lib/pic/libg.a(libc_a-strncpy.o)
                0x0000000000015d80                strncpy
 *fill*         0x0000000000015e2c       0x14 
 .text.malloc   0x0000000000015e40       0x38 /opt/devkitpro/devkitA64/lib/gcc/aarch64-none-elf/15.2.0/../../../../aarch64-none-elf/lib/pic/libg.a(libc_a-malloc.o)
                0x0000000000015e40                malloc
 *fill*         0x0000000000015e78        0x8 
 .text.free     0x0000000000015e80       0x1c /opt/devkitpro/devkitA64/lib/gcc/aarch64-none-elf/15.2.0/../../../../aarch64-none-elf/lib/pic/libg.a(libc_a-malloc.o)
                0x0000000000015e80                free
 *fill*         0x0000000000015e9c        0x4 
 .text._puts_r  0x0000000000015ea0       0xd4 /opt/devkitpro/devkitA64/lib/gcc/aarch64-none-elf/15.2.0/../../../../aarch64-none-elf/lib/pic/libg.a(libc_a-puts.o)
                0x0000000000015ea0                _puts_r
 *fill*         0x0000000000015f74        0xc 
 .text.puts     0x0000000000015f80       0x1c /opt/devkitpro/devkitA64/lib/gcc/aarch64-none-elf/15.2.0/../../../../aarch64-none-elf/lib/pic/libg.a(libc_a-puts.o)
                0x0000000000015f80                puts
 *fill*         0x0000000000015f9c        0x4 
 .text.__sread  0x0000000000015fa0       0x4c /opt/devkitpro/devkitA64/lib/gcc/aarch64-none-elf/15.2.0/../../../../aarch64-none-elf/lib/pic/libg.a(libc_a-stdio.o)
                0x0000000000015fa0                __sread
 *fill*         0x0000000000015fec       0x14 
 .text.__swrite
                0x0000000000016000       0x70 /opt/devkitpro/devkitA64/lib/gcc/aarch64-none-elf/15.2.0/../../../../aarch64-none-elf/lib/pic/libg.a(libc_a-stdio.o)
                0x0000000000016000                __swrite
 *fill*         0x0000000000016070       0x10 
 .text.__sseek  0x0000000000016080       0x50 /opt/devkitpro/devkitA64/lib/gcc/aarch64-none-elf/15.2.0/../../../../aarch64-none-elf/lib/pic/libg.a(libc_a-stdio.o)
                0x0000000000016080                __sseek
 *fill*         0x00000000000160d0       0x10 
 .text.__sclose
                0x00000000000160e0        0x8 /opt/devkitpro/devkitA64/lib/gcc/aarch64-none-elf/15.2.0/../../../../aarch64-none-elf/lib/pic/libg.a(libc_a-stdio.o)
                0x00000000000160e0                __sclose
 *fill*         0x00000000000160e8       0x18 
 .text.__malloc_lock
                0x0000000000016100        0xc /opt/devkitpro/devkitA64/lib/gcc/aarch64-none-elf/15.2.0/../../../../aarch64-none-elf/lib/pic/libg.a(libc_a-mlock.o)
                0x0000000000016100                __malloc_lock
 *fill*         0x000000000001610c       0x14 
 .text.__malloc_unlock
                0x0000000000016120        0xc /opt/devkitpro/devkitA64/lib/gcc/aarch64-none-elf/15.2.0/../../../../aarch64-none-elf/lib/pic/libg.a(libc_a-mlock.o)
                0x0000000000016120                __malloc_unlock
 *fill*         0x000000000001612c       0x14 
 .text._fclose_r
                0x0000000000016140      0x130 /opt/devkitpro/devkitA64/lib/gcc/aarch64-none-elf/15.2.0/../../../../aarch64-none-elf/lib/pic/libg.a(libc_a-fclose.o)
                0x0000000000016140                _fclose_r
 *fill*         0x0000000000016270       0x10 
 .text.setenv   0x0000000000016280       0x34 /opt/devkitpro/devkitA64/lib/gcc/aarch64-none-elf/15.2.0/../../../../aarch64-none-elf/lib/pic/libg.a(libc_a-setenv.o)
                0x0000000000016280                setenv
 *fill*         0x00000000000162b4        0xc 
 .text.__call_exitprocs
                0x00000000000162c0        0x4 /opt/devkitpro/devkitA64/lib/gcc/aarch64-none-elf/15.2.0/../../../../aarch64-none-elf/lib/pic/libg.a(libc_a-exit.o)
                0x00000000000162c0                __call_exitprocs
 *fill*         0x00000000000162c4       0x3c 
 .text          0x0000000000016300      0x134 /opt/devkitpro/devkitA64/lib/gcc/aarch64-none-elf/15.2.0/../../../../aarch64-none-elf/lib/pic/libg.a(libc_a-strcmp.o)
                0x0000000000016300                strcmp
 *fill*         0x0000000000016434        0xc 
 .text.__libc_fini_array
                0x0000000000016440       0x44 /opt/devkitpro/devkitA64/lib/gcc/aarch64-none-elf/15.2.0/../../../../aarch64-none-elf/lib/pic/libg.a(libc_a-fini.o)
                0x0000000000016440                __libc_fini_array
 *fill*         0x0000000000016484       0x1c 
 .text.gmtime_r
                0x00000000000164a0      0x2a0 /opt/devkitpro/devkitA64/lib/gcc/aarch64-none-elf/15.2.0/../../../../aarch64-none-elf/lib/pic/libg.a(libc_a-gmtime_r.o)
                0x00000000000164a0                gmtime_r
 .text.sprintf  0x0000000000016740       0x9c /opt/devkitpro/devkitA64/lib/gcc/aarch64-none-elf/15.2.0/../../../../aarch64-none-elf/lib/pic/libg.a(libc_a-sprintf.o)
                0x0000000000016740                sprintf
 *fill*         0x00000000000167dc        0x4 
 .text._setenv_r
                0x00000000000167e0      0x258 /opt/devkitpro/devkitA64/lib/gcc/aarch64-none-elf/15.2.0/../../../../aarch64-none-elf/lib/pic/libg.a(libc_a-setenv_r.o)
                0x00000000000167e0                _setenv_r
 *fill*         0x0000000000016a38        0x8 
 .text._fwalk_sglue
                0x0000000000016a40       0x98 /opt/devkitpro/devkitA64/lib/gcc/aarch64-none-elf/15.2.0/../../../../aarch64-none-elf/lib/pic/libg.a(libc_a-fwalk.o)
                0x0000000000016a40                _fwalk_sglue
 .text.get_arg  0x0000000000016ad8      0x790 /opt/devkitpro/devkitA64/lib/gcc/aarch64-none-elf/15.2.0/../../../../aarch64-none-elf/lib/pic/libg.a(libc_a-vfprintf.o)
 .text._vfprintf_r
                0x0000000000017268     0x3bd4 /opt/devkitpro/devkitA64/lib/gcc/aarch64-none-elf/15.2.0/../../../../aarch64-none-elf/lib/pic/libg.a(libc_a-vfprintf.o)
                0x0000000000017268                _vfprintf_r
 .text.__sbprintf
                0x000000000001ae3c       0xcc /opt/devkitpro/devkitA64/lib/gcc/aarch64-none-elf/15.2.0/../../../../aarch64-none-elf/lib/pic/libg.a(libc_a-vfprintf.o)
 *fill*         0x000000000001af08       0x18 
 .text._wcrtomb_r
                0x000000000001af20       0xd0 /opt/devkitpro/devkitA64/lib/gcc/aarch64-none-elf/15.2.0/../../../../aarch64-none-elf/lib/pic/libg.a(libc_a-wcrtomb.o)
                0x000000000001af20                _wcrtomb_r
 *fill*         0x000000000001aff0       0x10 
 .text.__ssprint_r
                0x000000000001b000       0xc8 /opt/devkitpro/devkitA64/lib/gcc/aarch64-none-elf/15.2.0/../../../../aarch64-none-elf/lib/pic/libg.a(libc_a-ssprint_r.o)
                0x000000000001b000                __ssprint_r
 *fill*         0x000000000001b0c8       0x18 
 .text.__sfvwrite_r
                0x000000000001b0e0      0x4a4 /opt/devkitpro/devkitA64/lib/gcc/aarch64-none-elf/15.2.0/../../../../aarch64-none-elf/lib/pic/libg.a(libc_a-fvwrite.o)
                0x000000000001b0e0                __sfvwrite_r
 *fill*         0x000000000001b584       0x1c 
 .text.__swhatbuf_r
                0x000000000001b5a0       0xb0 /opt/devkitpro/devkitA64/lib/gcc/aarch64-none-elf/15.2.0/../../../../aarch64-none-elf/lib/pic/libg.a(libc_a-makebuf.o)
                0x000000000001b5a0                __swhatbuf_r
 *fill*         0x000000000001b650       0x10 
 .text.__smakebuf_r
                0x000000000001b660       0xe8 /opt/devkitpro/devkitA64/lib/gcc/aarch64-none-elf/15.2.0/../../../../aarch64-none-elf/lib/pic/libg.a(libc_a-makebuf.o)
                0x000000000001b660                __smakebuf_r
 *fill*         0x000000000001b748       0x18 
 .text.__locale_mb_cur_max
                0x000000000001b760       0x2c /opt/devkitpro/devkitA64/lib/gcc/aarch64-none-elf/15.2.0/../../../../aarch64-none-elf/lib/pic/libg.a(libc_a-locale.o)
                0x000000000001b760                __locale_mb_cur_max
 *fill*         0x000000000001b78c       0x14 
 .text.__sflush_r
                0x000000000001b7a0      0x1ec /opt/devkitpro/devkitA64/lib/gcc/aarch64-none-elf/15.2.0/../../../../aarch64-none-elf/lib/pic/libg.a(libc_a-fflush.o)
                0x000000000001b7a0                __sflush_r
 *fill*         0x000000000001b98c       0x14 
 .text._fflush_r
                0x000000000001b9a0       0xbc /opt/devkitpro/devkitA64/lib/gcc/aarch64-none-elf/15.2.0/../../../../aarch64-none-elf/lib/pic/libg.a(libc_a-fflush.o)
                0x000000000001b9a0                _fflush_r
 *fill*         0x000000000001ba5c        0x4 
 .text.__sprint_r
                0x000000000001ba60       0x38 /opt/devkitpro/devkitA64/lib/gcc/aarch64-none-elf/15.2.0/../../../../aarch64-none-elf/lib/pic/libg.a(libc_a-sprint_r.o)
                0x000000000001ba60                __sprint_r
 *fill*         0x000000000001ba98        0x8 
 .text.quorem   0x000000000001baa0      0x1a4 /opt/devkitpro/devkitA64/lib/gcc/aarch64-none-elf/15.2.0/../../../../aarch64-none-elf/lib/pic/libg.a(libc_a-dtoa.o)
 *fill*         0x000000000001bc44       0x1c 
 .text._dtoa_r  0x000000000001bc60     0x12f0 /opt/devkitpro/devkitA64/lib/gcc/aarch64-none-elf/15.2.0/../../../../aarch64-none-elf/lib/pic/libg.a(libc_a-dtoa.o)
                0x000000000001bc60                _dtoa_r
 *fill*         0x000000000001cf50       0x10 
 .text._wcsrtombs_r
                0x000000000001cf60       0x10 /opt/devkitpro/devkitA64/lib/gcc/aarch64-none-elf/15.2.0/../../../../aarch64-none-elf/lib/pic/libg.a(libc_a-wcsrtombs.o)
                0x000000000001cf60                _wcsrtombs_r
 *fill*         0x000000000001cf70       0x10 
 .text.__swsetup_r
                0x000000000001cf80      0x12c /opt/devkitpro/devkitA64/lib/gcc/aarch64-none-elf/15.2.0/../../../../aarch64-none-elf/lib/pic/libg.a(libc_a-wsetup.o)
                0x000000000001cf80                __swsetup_r
 *fill*         0x000000000001d0ac       0x14 
 .text._findenv_r
                0x000000000001d0c0       0xf4 /opt/devkitpro/devkitA64/lib/gcc/aarch64-none-elf/15.2.0/../../../../aarch64-none-elf/lib/pic/libg.a(libc_a-getenv_r.o)
                0x000000000001d0c0                _findenv_r
 *fill*         0x000000000001d1b4        0xc 
 .text.__localeconv_l
                0x000000000001d1c0        0x8 /opt/devkitpro/devkitA64/lib/gcc/aarch64-none-elf/15.2.0/../../../../aarch64-none-elf/lib/pic/libg.a(libc_a-localeconv.o)
                0x000000000001d1c0                __localeconv_l
 *fill*         0x000000000001d1c8       0x18 
 .text._localeconv_r
                0x000000000001d1e0       0x28 /opt/devkitpro/devkitA64/lib/gcc/aarch64-none-elf/15.2.0/../../../../aarch64-none-elf/lib/pic/libg.a(libc_a-localeconv.o)
                0x000000000001d1e0                _localeconv_r
 *fill*         0x000000000001d208       0x18 
 .text._realloc_r
                0x000000000001d220      0x568 /opt/devkitpro/devkitA64/lib/gcc/aarch64-none-elf/15.2.0/../../../../aarch64-none-elf/lib/pic/libg.a(libc_a-reallocr.o)
                0x000000000001d220                _realloc_r
 .text.get_arg  0x000000000001d788      0x790 /opt/devkitpro/devkitA64/lib/gcc/aarch64-none-elf/15.2.0/../../../../aarch64-none-elf/lib/pic/libg.a(libc_a-svfprintf.o)
 .text._svfprintf_r
                0x000000000001df18     0x3a84 /opt/devkitpro/devkitA64/lib/gcc/aarch64-none-elf/15.2.0/../../../../aarch64-none-elf/lib/pic/libg.a(libc_a-svfprintf.o)
                0x000000000001df18                _svfprintf_r
 *fill*         0x000000000002199c        0x4 
 .text.__ssputs_r
                0x00000000000219a0      0x188 /opt/devkitpro/devkitA64/lib/gcc/aarch64-none-elf/15.2.0/../../../../aarch64-none-elf/lib/pic/libg.a(libc_a-ssputs_r.o)
                0x00000000000219a0                __ssputs_r
 *fill*         0x0000000000021b28       0x18 
 .text.__utf8_wctomb
                0x0000000000021b40       0xe0 /opt/devkitpro/devkitA64/lib/gcc/aarch64-none-elf/15.2.0/../../../../aarch64-none-elf/lib/pic/libg.a(libc_a-wctomb_r.o)
                0x0000000000021b40                __utf8_wctomb
 .text._wcsnrtombs_l
                0x0000000000021c20      0x188 /opt/devkitpro/devkitA64/lib/gcc/aarch64-none-elf/15.2.0/../../../../aarch64-none-elf/lib/pic/libg.a(libc_a-wcsnrtombs.o)
                0x0000000000021c20                _wcsnrtombs_l
 *fill*         0x0000000000021da8       0x18 
 .text._wcsnrtombs_r
                0x0000000000021dc0       0x54 /opt/devkitpro/devkitA64/lib/gcc/aarch64-none-elf/15.2.0/../../../../aarch64-none-elf/lib/pic/libg.a(libc_a-wcsnrtombs.o)
                0x0000000000021dc0                _wcsnrtombs_r
 *fill*         0x0000000000021e14       0x2c 
 .text          0x0000000000021e40       0xdc /opt/devkitpro/devkitA64/lib/gcc/aarch64-none-elf/15.2.0/../../../../aarch64-none-elf/lib/pic/libg.a(libc_a-memchr.o)
                0x0000000000021e40                memchr
 *fill*         0x0000000000021f1c        0x4 
 .text.frexp    0x0000000000021f20       0x7c /opt/devkitpro/devkitA64/lib/gcc/aarch64-none-elf/15.2.0/../../../../aarch64-none-elf/lib/pic/libg.a(libm_a-s_frexp.o)
                0x0000000000021f20                frexp
 *fill*         0x0000000000021f9c        0x4 
 .text.__env_lock
                0x0000000000021fa0        0xc /opt/devkitpro/devkitA64/lib/gcc/aarch64-none-elf/15.2.0/../../../../aarch64-none-elf/lib/pic/libg.a(libc_a-envlock.o)
                0x0000000000021fa0                __env_lock
 *fill*         0x0000000000021fac       0x14 
 .text.__env_unlock
                0x0000000000021fc0        0xc /opt/devkitpro/devkitA64/lib/gcc/aarch64-none-elf/15.2.0/../../../../aarch64-none-elf/lib/pic/libg.a(libc_a-envlock.o)
                0x0000000000021fc0                __env_unlock
 *fill*         0x0000000000021fcc       0x14 
 .text.__assert_func
                0x0000000000021fe0       0x64 /opt/devkitpro/devkitA64/lib/gcc/aarch64-none-elf/15.2.0/../../../../aarch64-none-elf/lib/pic/libg.a(libc_a-assert.o)
                0x0000000000021fe0                __assert_func
 *fill*         0x0000000000022044       0x1c 
 .text._Balloc  0x0000000000022060       0xa4 /opt/devkitpro/devkitA64/lib/gcc/aarch64-none-elf/15.2.0/../../../../aarch64-none-elf/lib/pic/libg.a(libc_a-mprec.o)
                0x0000000000022060                _Balloc
 *fill*         0x0000000000022104       0x1c 
 .text._Bfree   0x0000000000022120       0x20 /opt/devkitpro/devkitA64/lib/gcc/aarch64-none-elf/15.2.0/../../../../aarch64-none-elf/lib/pic/libg.a(libc_a-mprec.o)
                0x0000000000022120                _Bfree
 .text.__multadd
                0x0000000000022140      0x118 /opt/devkitpro/devkitA64/lib/gcc/aarch64-none-elf/15.2.0/../../../../aarch64-none-elf/lib/pic/libg.a(libc_a-mprec.o)
                0x0000000000022140                __multadd
 *fill*         0x0000000000022258        0x8 
 .text.__hi0bits
                0x0000000000022260       0x94 /opt/devkitpro/devkitA64/lib/gcc/aarch64-none-elf/15.2.0/../../../../aarch64-none-elf/lib/pic/libg.a(libc_a-mprec.o)
                0x0000000000022260                __hi0bits
 *fill*         0x00000000000222f4        0xc 
 .text.__lo0bits
                0x0000000000022300      0x100 /opt/devkitpro/devkitA64/lib/gcc/aarch64-none-elf/15.2.0/../../../../aarch64-none-elf/lib/pic/libg.a(libc_a-mprec.o)
                0x0000000000022300                __lo0bits